Component: ARM Compiler 5.06 update 5 (build 528) Tool: armlink [4d35e2]

==============================================================================

Section Cross References

    startup_stm32f103xb.o(STACK) refers (Special) to heapauxi.o(.text) for __use_two_region_memory
    startup_stm32f103xb.o(HEAP) refers (Special) to heapauxi.o(.text) for __use_two_region_memory
    startup_stm32f103xb.o(RESET) refers (Special) to heapauxi.o(.text) for __use_two_region_memory
    startup_stm32f103xb.o(RESET) refers to startup_stm32f103xb.o(STACK) for __initial_sp
    startup_stm32f103xb.o(RESET) refers to startup_stm32f103xb.o(.text) for Reset_Handler
    startup_stm32f103xb.o(RESET) refers to stm32f1xx_it.o(i.NMI_Handler) for NMI_Handler
    startup_stm32f103xb.o(RESET) refers to stm32f1xx_it.o(i.HardFault_Handler) for HardFault_Handler
    startup_stm32f103xb.o(RESET) refers to stm32f1xx_it.o(i.MemManage_Handler) for MemManage_Handler
    startup_stm32f103xb.o(RESET) refers to stm32f1xx_it.o(i.BusFault_Handler) for BusFault_Handler
    startup_stm32f103xb.o(RESET) refers to stm32f1xx_it.o(i.UsageFault_Handler) for UsageFault_Handler
    startup_stm32f103xb.o(RESET) refers to stm32f1xx_it.o(i.SVC_Handler) for SVC_Handler
    startup_stm32f103xb.o(RESET) refers to stm32f1xx_it.o(i.DebugMon_Handler) for DebugMon_Handler
    startup_stm32f103xb.o(RESET) refers to stm32f1xx_it.o(i.PendSV_Handler) for PendSV_Handler
    startup_stm32f103xb.o(RESET) refers to stm32f1xx_it.o(i.SysTick_Handler) for SysTick_Handler
    startup_stm32f103xb.o(RESET) refers to stm32f1xx_it.o(i.TIM1_UP_IRQHandler) for TIM1_UP_IRQHandler
    startup_stm32f103xb.o(RESET) refers to stm32f1xx_it.o(i.TIM2_IRQHandler) for TIM2_IRQHandler
    startup_stm32f103xb.o(RESET) refers to stm32f1xx_it.o(i.USART1_IRQHandler) for USART1_IRQHandler
    startup_stm32f103xb.o(RESET) refers to stm32f1xx_it.o(i.USART3_IRQHandler) for USART3_IRQHandler
    startup_stm32f103xb.o(.text) refers (Special) to heapauxi.o(.text) for __use_two_region_memory
    startup_stm32f103xb.o(.text) refers to system_stm32f1xx.o(i.SystemInit) for SystemInit
    startup_stm32f103xb.o(.text) refers to __main.o(!!!main) for __main
    startup_stm32f103xb.o(.text) refers to startup_stm32f103xb.o(HEAP) for Heap_Mem
    startup_stm32f103xb.o(.text) refers to startup_stm32f103xb.o(STACK) for Stack_Mem
    main.o(i.ADXL345_IS_Step) refers to main.o(.data) for .data
    main.o(i.ADXL345_IS_Tumble) refers to main.o(.data) for .data
    main.o(i.Buzzer_Set_state) refers to stm32f1xx_hal_gpio.o(i.HAL_GPIO_WritePin) for HAL_GPIO_WritePin
    main.o(i.Ctrl) refers to fflt_clz.o(x$fpl$ffltu) for __aeabi_ui2f
    main.o(i.Ctrl) refers to fleqf.o(x$fpl$fleqf) for __aeabi_cfcmple
    main.o(i.Ctrl) refers to main.o(i.Buzzer_Set_state) for Buzzer_Set_state
    main.o(i.Ctrl) refers to main.o(.data) for .data
    main.o(i.Page) refers to _printf_pad.o(.text) for _printf_pre_padding
    main.o(i.Page) refers to _printf_percent.o(.ARM.Collect$$_printf_percent$$00000000) for _printf_percent
    main.o(i.Page) refers to _printf_d.o(.ARM.Collect$$_printf_percent$$00000009) for _printf_d
    main.o(i.Page) refers to _printf_dec.o(.text) for _printf_int_dec
    main.o(i.Page) refers to oled.o(i.OLED_ShowChinese) for OLED_ShowChinese
    main.o(i.Page) refers to __2sprintf.o(.text) for __2sprintf
    main.o(i.Page) refers to oled.o(i.OLED_ShowString) for OLED_ShowString
    main.o(i.Page) refers to oled.o(i.OLED_ShowNum) for OLED_ShowNum
    main.o(i.Page) refers to f2d.o(x$fpl$f2d) for __aeabi_f2d
    main.o(i.Page) refers to oled.o(i.OLED_ShowFloatNum) for OLED_ShowFloatNum
    main.o(i.Page) refers to main.o(.data) for .data
    main.o(i.Page) refers to main.o(.bss) for .bss
    main.o(i.Send_Data) refers to _printf_percent.o(.ARM.Collect$$_printf_percent$$00000000) for _printf_percent
    main.o(i.Send_Data) refers to _printf_d.o(.ARM.Collect$$_printf_percent$$00000009) for _printf_d
    main.o(i.Send_Data) refers to _printf_f.o(.ARM.Collect$$_printf_percent$$00000003) for _printf_f
    main.o(i.Send_Data) refers to _printf_dec.o(.text) for _printf_int_dec
    main.o(i.Send_Data) refers to printf1.o(x$fpl$printf1) for _printf_fp_dec
    main.o(i.Send_Data) refers to f2d.o(x$fpl$f2d) for __aeabi_f2d
    main.o(i.Send_Data) refers to __2sprintf.o(.text) for __2sprintf
    main.o(i.Send_Data) refers to esp8266.o(i.ESP8266_SendData) for ESP8266_SendData
    main.o(i.Send_Data) refers to main.o(.data) for .data
    main.o(i.Send_Data) refers to main.o(.conststring) for .conststring
    main.o(i.Send_Data) refers to main.o(.bss) for .bss
    main.o(i.SystemClock_Config) refers to rt_memclr_w.o(.text) for __aeabi_memclr4
    main.o(i.SystemClock_Config) refers to stm32f1xx_hal_rcc.o(i.HAL_RCC_OscConfig) for HAL_RCC_OscConfig
    main.o(i.SystemClock_Config) refers to stm32f1xx_hal_rcc.o(i.HAL_RCC_ClockConfig) for HAL_RCC_ClockConfig
[...]
    __rt_lib_init_lc_numeric_2               0x08000191   Thumb Code     0  libinit2.o(.ARM.Collect$$libinit$$00000016)
    __rt_lib_init_alloca_1                   0x0800019b   Thumb Code     0  libinit2.o(.ARM.Collect$$libinit$$0000002E)
    __rt_lib_init_argv_1                     0x0800019b   Thumb Code     0  libinit2.o(.ARM.Collect$$libinit$$0000002C)
    __rt_lib_init_atexit_1                   0x0800019b   Thumb Code     0  libinit2.o(.ARM.Collect$$libinit$$0000001B)
    __rt_lib_init_clock_1                    0x0800019b   Thumb Code     0  libinit2.o(.ARM.Collect$$libinit$$00000021)
    __rt_lib_init_cpp_1                      0x0800019b   Thumb Code     0  libinit2.o(.ARM.Collect$$libinit$$00000032)
    __rt_lib_init_exceptions_1               0x0800019b   Thumb Code     0  libinit2.o(.ARM.Collect$$libinit$$00000030)
    __rt_lib_init_fp_trap_1                  0x0800019b   Thumb Code     0  libinit2.o(.ARM.Collect$$libinit$$0000001F)
    __rt_lib_init_getenv_1                   0x0800019b   Thumb Code     0  libinit2.o(.ARM.Collect$$libinit$$00000023)
    __rt_lib_init_lc_numeric_1               0x0800019b   Thumb Code     0  libinit2.o(.ARM.Collect$$libinit$$00000017)
    __rt_lib_init_lc_time_1                  0x0800019b   Thumb Code     0  libinit2.o(.ARM.Collect$$libinit$$00000019)
    __rt_lib_init_return                     0x0800019b   Thumb Code     0  libinit2.o(.ARM.Collect$$libinit$$00000033)
    __rt_lib_init_signal_1                   0x0800019b   Thumb Code     0  libinit2.o(.ARM.Collect$$libinit$$0000001D)
    __rt_lib_init_stdio_1                    0x0800019b   Thumb Code     0  libinit2.o(.ARM.Collect$$libinit$$00000025)
    __rt_lib_shutdown                        0x0800019d   Thumb Code     0  libshutdown.o(.ARM.Collect$$libshutdown$$00000000)
    __rt_lib_shutdown_cpp_1                  0x0800019f   Thumb Code     0  libshutdown2.o(.ARM.Collect$$libshutdown$$00000002)
    __rt_lib_shutdown_fp_trap_1              0x0800019f   Thumb Code     0  libshutdown2.o(.ARM.Collect$$libshutdown$$00000007)
    __rt_lib_shutdown_heap_1                 0x0800019f   Thumb Code     0  libshutdown2.o(.ARM.Collect$$libshutdown$$0000000F)
    __rt_lib_shutdown_return                 0x0800019f   Thumb Code     0  libshutdown2.o(.ARM.Collect$$libshutdown$$00000010)
    __rt_lib_shutdown_signal_1               0x0800019f   Thumb Code     0  libshutdown2.o(.ARM.Collect$$libshutdown$$0000000A)
    __rt_lib_shutdown_stdio_1                0x0800019f   Thumb Code     0  libshutdown2.o(.ARM.Collect$$libshutdown$$00000004)
    __rt_lib_shutdown_user_alloc_1           0x0800019f   Thumb Code     0  libshutdown2.o(.ARM.Collect$$libshutdown$$0000000C)
    __rt_entry                               0x080001a1   Thumb Code     0  __rtentry.o(.ARM.Collect$$rtentry$$00000000)
    __rt_entry_presh_1                       0x080001a1   Thumb Code     0  __rtentry2.o(.ARM.Collect$$rtentry$$00000002)
    __rt_entry_sh                            0x080001a1   Thumb Code     0  __rtentry4.o(.ARM.Collect$$rtentry$$00000004)
    __rt_entry_li                            0x080001a7   Thumb Code     0  __rtentry2.o(.ARM.Collect$$rtentry$$0000000A)
    __rt_entry_postsh_1                      0x080001a7   Thumb Code     0  __rtentry2.o(.ARM.Collect$$rtentry$$00000009)
    __rt_entry_main                          0x080001ab   Thumb Code     0  __rtentry2.o(.ARM.Collect$$rtentry$$0000000D)
    __rt_entry_postli_1                      0x080001ab   Thumb Code     0  __rtentry2.o(.ARM.Collect$$rtentry$$0000000C)
    __rt_exit                                0x080001b3   Thumb Code     0  rtexit.o(.ARM.Collect$$rtexit$$00000000)
    __rt_exit_ls                             0x080001b5   Thumb Code     0  rtexit2.o(.ARM.Collect$$rtexit$$00000003)
    __rt_exit_prels_1                        0x080001b5   Thumb Code     0  rtexit2.o(.ARM.Collect$$rtexit$$00000002)
    __rt_exit_exit                           0x080001b9   Thumb Code     0  rtexit2.o(.ARM.Collect$$rtexit$$00000004)
    Reset_Handler                            0x080001c1   Thumb Code     8  startup_stm32f103xb.o(.text)
    ADC1_2_IRQHandler                        0x080001db   Thumb Code     0  startup_stm32f103xb.o(.text)
    CAN1_RX1_IRQHandler                      0x080001db   Thumb Code     0  startup_stm32f103xb.o(.text)
    CAN1_SCE_IRQHandler                      0x080001db   Thumb Code     0  startup_stm32f103xb.o(.text)
    DMA1_Channel1_IRQHandler                 0x080001db   Thumb Code     0  startup_stm32f103xb.o(.text)
    DMA1_Channel2_IRQHandler                 0x080001db   Thumb Code     0  startup_stm32f103xb.o(.text)
    DMA1_Channel3_IRQHandler                 0x080001db   Thumb Code     0  startup_stm32f103xb.o(.text)
    DMA1_Channel4_IRQHandler                 0x080001db   Thumb Code     0  startup_stm32f103xb.o(.text)
    DMA1_Channel5_IRQHandler                 0x080001db   Thumb Code     0  startup_stm32f103xb.o(.text)
    DMA1_Channel6_IRQHandler                 0x080001db   Thumb Code     0  startup_stm32f103xb.o(.text)
    DMA1_Channel7_IRQHandler                 0x080001db   Thumb Code     0  startup_stm32f103xb.o(.text)
    EXTI0_IRQHandler                         0x080001db   Thumb Code     0  startup_stm32f103xb.o(.text)
    EXTI15_10_IRQHandler                     0x080001db   Thumb Code     0  startup_stm32f103xb.o(.text)
    EXTI1_IRQHandler                         0x080001db   Thumb Code     0  startup_stm32f103xb.o(.text)
    EXTI2_IRQHandler                         0x080001db   Thumb Code     0  startup_stm32f103xb.o(.text)
    EXTI3_IRQHandler                         0x080001db   Thumb Code     0  startup_stm32f103xb.o(.text)
    EXTI4_IRQHandler                         0x080001db   Thumb Code     0  startup_stm32f103xb.o(.text)
    EXTI9_5_IRQHandler                       0x080001db   Thumb Code     0  startup_stm32f103xb.o(.text)
    FLASH_IRQHandler                         0x080001db   Thumb Code     0  startup_stm32f103xb.o(.text)
    I2C1_ER_IRQHandler                       0x080001db   Thumb Code     0  startup_stm32f103xb.o(.text)
    I2C1_EV_IRQHandler                       0x080001db   Thumb Code     0  startup_stm32f103xb.o(.text)
    I2C2_ER_IRQHandler                       0x080001db   Thumb Code     0  startup_stm32f103xb.o(.text)
    I2C2_EV_IRQHandler                       0x080001db   Thumb Code     0  startup_stm32f103xb.o(.text)
    PVD_IRQHandler                           0x080001db   Thumb Code     0  startup_stm32f103xb.o(.text)
    RCC_IRQHandler                           0x080001db   Thumb Code     0  startup_stm32f103xb.o(.text)
    RTC_Alarm_IRQHandler                     0x080001db   Thumb Code     0  startup_stm32f103xb.o(.text)
    RTC_IRQHandler                           0x080001db   Thumb Code     0  startup_stm32f103xb.o(.text)
    SPI1_IRQHandler                          0x080001db   Thumb Code     0  startup_stm32f103xb.o(.text)
    SPI2_IRQHandler                          0x080001db   Thumb Code     0  startup_stm32f103xb.o(.text)
    TAMPER_IRQHandler                        0x080001db   Thumb Code     0  startup_stm32f103xb.o(.text)
    TIM1_BRK_IRQHandler                      0x080001db   Thumb Code     0  startup_stm32f103xb.o(.text)
    TIM1_CC_IRQHandler                       0x080001db   Thumb Code     0  startup_stm32f103xb.o(.text)
    TIM1_TRG_COM_IRQHandler                  0x080001db   Thumb Code     0  startup_stm32f103xb.o(.text)
    TIM3_IRQHandler                          0x080001db   Thumb Code     0  startup_stm32f103xb.o(.text)
    TIM4_IRQHandler                          0x080001db   Thumb Code     0  startup_stm32f103xb.o(.text)
    USART2_IRQHandler                        0x080001db   Thumb Code     0  startup_stm32f103xb.o(.text)
    USBWakeUp_IRQHandler                     0x080001db   Thumb Code     0  startup_stm32f103xb.o(.text)
    USB_HP_CAN1_TX_IRQHandler                0x080001db   Thumb Code     0  startup_stm32f103xb.o(.text)
    USB_LP_CAN1_RX0_IRQHandler               0x080001db   Thumb Code     0  startup_stm32f103xb.o(.text)
    WWDG_IRQHandler                          0x080001db   Thumb Code     0  startup_stm32f103xb.o(.text)
    __user_initial_stackheap                 0x080001dd   Thumb Code     0  startup_stm32f103xb.o(.text)
    __2sprintf                               0x08000201   Thumb Code    38  __2sprintf.o(.text)
    _printf_pre_padding                      0x0800022d   Thumb Code    44  _printf_pad.o(.text)
    _printf_post_padding                     0x08000259   Thumb Code    34  _printf_pad.o(.text)
    _printf_str                              0x0800027b   Thumb Code    82  _printf_str.o(.text)
    _printf_int_dec                          0x080002cd   Thumb Code   104  _printf_dec.o(.text)
    __printf                                 0x08000345   Thumb Code   388  __printf_flags_ss_wp.o(.text)
    atoi                                     0x080004cd   Thumb Code    26  atoi.o(.text)
    strstr                                   0x080004e7   Thumb Code    36  strstr.o(.text)
    strcpy                                   0x0800050b   Thumb Code    72  strcpy.o(.text)
    strlen                                   0x08000553   Thumb Code    62  strlen.o(.text)
    __aeabi_memclr                           0x08000591   Thumb Code     0  rt_memclr.o(.text)
    __rt_memclr                              0x08000591   Thumb Code    68  rt_memclr.o(.text)
    _memset                                  0x08000595   Thumb Code     0  rt_memclr.o(.text)
    __aeabi_memclr4                          0x080005d5   Thumb Code     0  rt_memclr_w.o(.text)
    __aeabi_memclr8                          0x080005d5   Thumb Code     0  rt_memclr_w.o(.text)
    __rt_memclr_w                            0x080005d5   Thumb Code    78  rt_memclr_w.o(.text)
    _memset_w                                0x080005d9   Thumb Code     0  rt_memclr_w.o(.text)
    strcmp                                   0x08000625   Thumb Code   128  strcmpv7m.o(.text)
    __use_two_region_memory                  0x080006a5   Thumb Code     2  heapauxi.o(.text)
    __rt_heap_escrow$2region                 0x080006a7   Thumb Code     2  heapauxi.o(.text)
    __rt_heap_expand$2region                 0x080006a9   Thumb Code     2  heapauxi.o(.text)
    __aeabi_errno_addr                       0x080006ad   Thumb Code     8  rt_errno_addr_intlibspace.o(.text)
    __errno$intlibspace                      0x080006ad   Thumb Code     0  rt_errno_addr_intlibspace.o(.text)
    __rt_errno_addr$intlibspace              0x080006ad   Thumb Code     0  rt_errno_addr_intlibspace.o(.text)
    _printf_int_common                       0x080006b5   Thumb Code   178  _printf_intcommon.o(.text)
    __lib_sel_fp_printf                      0x08000767   Thumb Code     2  _printf_fp_dec.o(.text)
    _printf_fp_dec_real                      0x08000919   Thumb Code   620  _printf_fp_dec.o(.text)
    _printf_char_common                      0x08000b8f   Thumb Code    32  _printf_char_common.o(.text)
    _sputc                                   0x08000bb5   Thumb Code    10  _sputc.o(.text)
    _printf_cs_common                        0x08000bbf   Thumb Code    20  _printf_char.o(.text)
    _printf_char                             0x08000bd3   Thumb Code    16  _printf_char.o(.text)
    _printf_string                           0x08000be3   Thumb Code     8  _printf_char.o(.text)
    strtol                                   0x08000beb   Thumb Code   112  strtol.o(.text)
    __user_libspace                          0x08000c5d   Thumb Code     8  libspace.o(.text)
    __user_perproc_libspace                  0x08000c5d   Thumb Code     0  libspace.o(.text)
    __user_perthread_libspace                0x08000c5d   Thumb Code     0  libspace.o(.text)
    __rt_ctype_table                         0x08000c65   Thumb Code    16  rt_ctype_table.o(.text)
    __rt_locale                              0x08000c75   Thumb Code     8  rt_locale_intlibspace.o(.text)
    _ll_udiv10                               0x08000c7d   Thumb Code   138  lludiv10.o(.text)
    _printf_fp_infnan                        0x08000d09   Thumb Code   112  _printf_fp_infnan.o(.text)
    _strtoul                                 0x08000d89   Thumb Code   158  _strtoul.o(.text)
    _btod_etento                             0x08000e29   Thumb Code   224  bigflt0.o(.text)
    __user_setup_stackheap                   0x08000f0d   Thumb Code    74  sys_stackheap_outer.o(.text)
    _chval                                   0x08000f57   Thumb Code    28  _chval.o(.text)
    exit                                     0x08000f73   Thumb Code    18  exit.o(.text)
    _sys_exit                                0x08000f85   Thumb Code     8  sys_exit.o(.text)
    __I$use$semihosting                      0x08000f91   Thumb Code     0  use_no_semi.o(.text)
    __use_no_semihosting_swi                 0x08000f91   Thumb Code     2  use_no_semi.o(.text)
    __semihosting_library_function           0x08000f93   Thumb Code     0  indicate_semi.o(.text)
    _btod_d2e                                0x08000f93   Thumb Code    62  btod.o(CL$$btod_d2e)
    _d2e_denorm_low                          0x08000fd1   Thumb Code    70  btod.o(CL$$btod_d2e_denorm_low)
    _d2e_norm_op1                            0x08001017   Thumb Code    96  btod.o(CL$$btod_d2e_norm_op1)
    __btod_div_common                        0x08001077   Thumb Code   696  btod.o(CL$$btod_div_common)
    _e2e                                     0x080013af   Thumb Code   220  btod.o(CL$$btod_e2e)
    _btod_ediv                               0x0800148b   Thumb Code    42  btod.o(CL$$btod_ediv)
    _btod_emul                               0x080014b5   Thumb Code    42  btod.o(CL$$btod_emul)
    __btod_mult_common                       0x080014df   Thumb Code   580  btod.o(CL$$btod_mult_common)
    ADC_ConversionStop_Disable               0x08001725   Thumb Code    86  stm32f1xx_hal_adc.o(i.ADC_ConversionStop_Disable)
    BusFault_Handler                         0x0800177b   Thumb Code     2  stm32f1xx_it.o(i.BusFault_Handler)
    Buzzer_Set_state                         0x0800177d   Thumb Code    12  main.o(i.Buzzer_Set_state)
    Ctrl                                     0x0800178d   Thumb Code   108  main.o(i.Ctrl)
    DS1302_Init                              0x080017fd   Thumb Code    60  ds1302.o(i.DS1302_Init)
    DS1302_ReadTime                          0x080018b5   Thumb Code   164  ds1302.o(i.DS1302_ReadTime)
    DS1302_WriteTime                         0x08001a0d   Thumb Code   228  ds1302.o(i.DS1302_WriteTime)
    DS1302_Write_Time                        0x08001af1   Thumb Code    54  ds1302.o(i.DS1302_Write_Time)
    DS18B20_Check                            0x08001b29   Thumb Code    90  ds18b20.o(i.DS18B20_Check)
    DS18B20_GetTemp                          0x08001b89   Thumb Code    90  ds18b20.o(i.DS18B20_GetTemp)
    DS18B20_Read_Bit                         0x08001be9   Thumb Code    68  ds18b20.o(i.DS18B20_Read_Bit)
    DS18B20_Read_Byte                        0x08001c31   Thumb Code    32  ds18b20.o(i.DS18B20_Read_Byte)
    DS18B20_Reset                            0x08001c51   Thumb Code    42  ds18b20.o(i.DS18B20_Reset)
    DS18B20_Start                            0x08001c81   Thumb Code    26  ds18b20.o(i.DS18B20_Start)
    DS18B20_Write_Byte                       0x08001c9d   Thumb Code    84  ds18b20.o(i.DS18B20_Write_Byte)
    DebugMon_Handler                         0x08001cf5   Thumb Code     2  stm32f1xx_it.o(i.DebugMon_Handler)
    Delay_ms                                 0x08001cf7   Thumb Code    22  delay.o(i.Delay_ms)
    Delay_us                                 0x08001d0d   Thumb Code    32  delay.o(i.Delay_us)
    ESP8266_Clear                            0x08001d2d   Thumb Code    18  esp8266.o(i.ESP8266_Clear)
    ESP8266_Connect                          0x08001d49   Thumb Code   180  esp8266.o(i.ESP8266_Connect)
    ESP8266_GetIPD                           0x08001f19   Thumb Code   384  esp8266.o(i.ESP8266_GetIPD)
    ESP8266_Init                             0x0800219d   Thumb Code   108  esp8266.o(i.ESP8266_Init)
    ESP8266_SendCmd                          0x0800227d   Thumb Code    56  esp8266.o(i.ESP8266_SendCmd)
    ESP8266_SendData                         0x080022b9   Thumb Code    62  esp8266.o(i.ESP8266_SendData)
    ESP8266_WaitRecive                       0x08002355   Thumb Code    46  esp8266.o(i.ESP8266_WaitRecive)
    Error_Handler                            0x0800238d   Thumb Code     4  main.o(i.Error_Handler)
    GPS_Init                                 0x08002391   Thumb Code    10  gps.o(i.GPS_Init)
    GPS_Read                                 0x080023a5   Thumb Code   530  gps.o(i.GPS_Read)
    HAL_ADC_ConfigChannel                    0x080025ed   Thumb Code   240  stm32f1xx_hal_adc.o(i.HAL_ADC_ConfigChannel)
    HAL_ADC_Init                             0x080026e9   Thumb Code   272  stm32f1xx_hal_adc.o(i.HAL_ADC_Init)
    HAL_ADC_MspInit                          0x08002805   Thumb Code    76  adc.o(i.HAL_ADC_MspInit)
    HAL_DMA_Abort                            0x0800285d   Thumb Code    70  stm32f1xx_hal_dma.o(i.HAL_DMA_Abort)
    HAL_DMA_Abort_IT                         0x080028a5   Thumb Code   148  stm32f1xx_hal_dma.o(i.HAL_DMA_Abort_IT)
    HAL_GPIO_Init                            0x0800293d   Thumb Code   446  stm32f1xx_hal_gpio.o(i.HAL_GPIO_Init)
    HAL_GPIO_ReadPin                         0x08002b1d   Thumb Code    10  stm32f1xx_hal_gpio.o(i.HAL_GPIO_ReadPin)
    HAL_GPIO_WritePin                        0x08002b27   Thumb Code    10  stm32f1xx_hal_gpio.o(i.HAL_GPIO_WritePin)
    HAL_GetTick                              0x08002b31   Thumb Code     6  stm32f1xx_hal.o(i.HAL_GetTick)
    HAL_IncTick                              0x08002b3d   Thumb Code    12  stm32f1xx_hal.o(i.HAL_IncTick)
    HAL_Init                                 0x08002b4d   Thumb Code    32  stm32f1xx_hal.o(i.HAL_Init)
    HAL_InitTick                             0x08002b71   Thumb Code    54  stm32f1xx_hal.o(i.HAL_InitTick)
    HAL_MspInit                              0x08002bb1   Thumb Code    52  stm32f1xx_hal_msp.o(i.HAL_MspInit)
    HAL_NVIC_EnableIRQ                       0x08002bed   Thumb Code    26  stm32f1xx_hal_cortex.o(i.HAL_NVIC_EnableIRQ)
    HAL_NVIC_SetPriority                     0x08002c09   Thumb Code    60  stm32f1xx_hal_cortex.o(i.HAL_NVIC_SetPriority)
    HAL_NVIC_SetPriorityGrouping             0x08002c49   Thumb Code    26  stm32f1xx_hal_cortex.o(i.HAL_NVIC_SetPriorityGrouping)
    HAL_RCCEx_PeriphCLKConfig                0x08002c6d   Thumb Code   224  stm32f1xx_hal_rcc_ex.o(i.HAL_RCCEx_PeriphCLKConfig)
    HAL_RCC_ClockConfig                      0x08002d59   Thumb Code   280  stm32f1xx_hal_rcc.o(i.HAL_RCC_ClockConfig)
    HAL_RCC_GetPCLK1Freq                     0x08002e85   Thumb Code    20  stm32f1xx_hal_rcc.o(i.HAL_RCC_GetPCLK1Freq)
    HAL_RCC_GetPCLK2Freq                     0x08002ea5   Thumb Code    20  stm32f1xx_hal_rcc.o(i.HAL_RCC_GetPCLK2Freq)
    HAL_RCC_GetSysClockFreq                  0x08002ec5   Thumb Code    58  stm32f1xx_hal_rcc.o(i.HAL_RCC_GetSysClockFreq)
    HAL_RCC_OscConfig                        0x08002f11   Thumb Code   778  stm32f1xx_hal_rcc.o(i.HAL_RCC_OscConfig)
    HAL_SYSTICK_Config                       0x08003231   Thumb Code    40  stm32f1xx_hal_cortex.o(i.HAL_SYSTICK_Config)
    HAL_TIMEx_BreakCallback                  0x08003259   Thumb Code     2  stm32f1xx_hal_tim_ex.o(i.HAL_TIMEx_BreakCallback)
    HAL_TIMEx_CommutCallback                 0x0800325b   Thumb Code     2  stm32f1xx_hal_tim_ex.o(i.HAL_TIMEx_CommutCallback)
    HAL_TIMEx_MasterConfigSynchronization    0x0800325d   Thumb Code    92  stm32f1xx_hal_tim_ex.o(i.HAL_TIMEx_MasterConfigSynchronization)
    HAL_TIM_Base_Init                        0x080032c5   Thumb Code    90  stm32f1xx_hal_tim.o(i.HAL_TIM_Base_Init)
    HAL_TIM_Base_MspInit                     0x08003321   Thumb Code    86  tim.o(i.HAL_TIM_Base_MspInit)
    HAL_TIM_Base_Start_IT                    0x08003381   Thumb Code    76  stm32f1xx_hal_tim.o(i.HAL_TIM_Base_Start_IT)
    HAL_TIM_ConfigClockSource                0x080033d9   Thumb Code   220  stm32f1xx_hal_tim.o(i.HAL_TIM_ConfigClockSource)
    HAL_TIM_IC_CaptureCallback               0x080034b5   Thumb Code     2  stm32f1xx_hal_tim.o(i.HAL_TIM_IC_CaptureCallback)
    HAL_TIM_IRQHandler                       0x080034b7   Thumb Code   304  stm32f1xx_hal_tim.o(i.HAL_TIM_IRQHandler)
    HAL_TIM_OC_DelayElapsedCallback          0x080035e7   Thumb Code     2  stm32f1xx_hal_tim.o(i.HAL_TIM_OC_DelayElapsedCallback)
    HAL_TIM_PWM_PulseFinishedCallback        0x080035e9   Thumb Code     2  stm32f1xx_hal_tim.o(i.HAL_TIM_PWM_PulseFinishedCallback)
    HAL_TIM_PeriodElapsedCallback            0x080035eb   Thumb Code     2  tim.o(i.HAL_TIM_PeriodElapsedCallback)
    HAL_TIM_TriggerCallback                  0x080035ed   Thumb Code     2  stm32f1xx_hal_tim.o(i.HAL_TIM_TriggerCallback)
    HAL_UARTEx_RxEventCallback               0x080035ef   Thumb Code     2  stm32f1xx_hal_uart.o(i.HAL_UARTEx_RxEventCallback)
    HAL_UART_ErrorCallback                   0x080035f1   Thumb Code     2  stm32f1xx_hal_uart.o(i.HAL_UART_ErrorCallback)
    HAL_UART_IRQHandler                      0x080035f5   Thumb Code   616  stm32f1xx_hal_uart.o(i.HAL_UART_IRQHandler)
    HAL_UART_Init                            0x08003861   Thumb Code   100  stm32f1xx_hal_uart.o(i.HAL_UART_Init)
    HAL_UART_MspInit                         0x080038c5   Thumb Code   198  usart.o(i.HAL_UART_MspInit)
    HAL_UART_Receive_IT                      0x080039a1   Thumb Code    28  stm32f1xx_hal_uart.o(i.HAL_UART_Receive_IT)
    HAL_UART_RxCpltCallback                  0x080039bd   Thumb Code   162  uart.o(i.HAL_UART_RxCpltCallback)
    HAL_UART_Transmit                        0x08003a79   Thumb Code   160  stm32f1xx_hal_uart.o(i.HAL_UART_Transmit)
    HAL_UART_TxCpltCallback                  0x08003b19   Thumb Code     2  stm32f1xx_hal_uart.o(i.HAL_UART_TxCpltCallback)
    HardFault_Handler                        0x08003b1b   Thumb Code     2  stm32f1xx_it.o(i.HardFault_Handler)
    IIC_Ack                                  0x08003c6d   Thumb Code    40  hal_iic.o(i.IIC_Ack)
    IIC_Init                                 0x08003c99   Thumb Code    10  hal_iic.o(i.IIC_Init)
    IIC_NAck                                 0x08003ca9   Thumb Code    40  hal_iic.o(i.IIC_NAck)
    IIC_Read_Byte                            0x08003cd5   Thumb Code    88  hal_iic.o(i.IIC_Read_Byte)
    IIC_Send_Byte                            0x08003d31   Thumb Code    72  hal_iic.o(i.IIC_Send_Byte)
    IIC_Start                                0x08003d7d   Thumb Code    42  hal_iic.o(i.IIC_Start)
    IIC_Stop                                 0x08003dad   Thumb Code    44  hal_iic.o(i.IIC_Stop)
    IIC_Wait_Ack                             0x08003ddd   Thumb Code    64  hal_iic.o(i.IIC_Wait_Ack)
    MAX30102_GetData                         0x08003e21   Thumb Code   370  max30102.o(i.MAX30102_GetData)
    MPU6050_Get_Step                         0x08003fad   Thumb Code   264  mpu6050.o(i.MPU6050_Get_Step)
    MPU6050_Init                             0x08004241   Thumb Code   110  mpu6050.o(i.MPU6050_Init)
    MPU6050_Read_ID                          0x080042cd   Thumb Code    62  mpu6050.o(i.MPU6050_Read_ID)
    MPU6050_is_Active                        0x08004345   Thumb Code   200  mpu6050.o(i.MPU6050_is_Active)
    MPU6050_is_Tumble                        0x08004415   Thumb Code   118  mpu6050.o(i.MPU6050_is_Tumble)
    MPU_Set_Accel_Fsr                        0x08004495   Thumb Code    10  mpu6050.o(i.MPU_Set_Accel_Fsr)
    MPU_Set_Gyro_Fsr                         0x0800449f   Thumb Code    10  mpu6050.o(i.MPU_Set_Gyro_Fsr)
    MPU_Set_LPF                              0x080044a9   Thumb Code    44  mpu6050.o(i.MPU_Set_LPF)
    MPU_Set_Rate                             0x080044d5   Thumb Code    46  mpu6050.o(i.MPU_Set_Rate)
    MX_ADC1_Init                             0x08004505   Thumb Code    68  adc.o(i.MX_ADC1_Init)
    MX_GPIO_Init                             0x08004551   Thumb Code   216  gpio.o(i.MX_GPIO_Init)
    MX_TIM1_Init                             0x08004639   Thumb Code    98  tim.o(i.MX_TIM1_Init)
    MX_TIM2_Init                             0x080046a5   Thumb Code    98  tim.o(i.MX_TIM2_Init)
    MX_USART1_UART_Init                      0x0800470d   Thumb Code    48  usart.o(i.MX_USART1_UART_Init)
    MX_USART3_UART_Init                      0x08004745   Thumb Code    48  usart.o(i.MX_USART3_UART_Init)
    MemManage_Handler                        0x0800477d   Thumb Code     2  stm32f1xx_it.o(i.MemManage_Handler)
    NMI_Handler                              0x0800477f   Thumb Code     2  stm32f1xx_it.o(i.NMI_Handler)
    OLED_Clear                               0x08004781   Thumb Code    34  oled.o(i.OLED_Clear)
    OLED_ClearArea                           0x080047a9   Thumb Code    86  oled.o(i.OLED_ClearArea)
    OLED_GPIO_Init                           0x08004805   Thumb Code    38  oled.o(i.OLED_GPIO_Init)
    OLED_I2C_SendByte                        0x0800482b   Thumb Code    58  oled.o(i.OLED_I2C_SendByte)
    OLED_I2C_Start                           0x08004865   Thumb Code    30  oled.o(i.OLED_I2C_Start)
    OLED_I2C_Stop                            0x08004883   Thumb Code    24  oled.o(i.OLED_I2C_Stop)
    OLED_Init                                0x0800489b   Thumb Code   156  oled.o(i.OLED_Init)
    OLED_Pow                                 0x08004937   Thumb Code    14  oled.o(i.OLED_Pow)
    OLED_SetCursor                           0x08004945   Thumb Code    34  oled.o(i.OLED_SetCursor)
    OLED_ShowChar                            0x08004969   Thumb Code    52  oled.o(i.OLED_ShowChar)
    OLED_ShowChinese                         0x080049a5   Thumb Code   132  oled.o(i.OLED_ShowChinese)
    OLED_ShowFloatNum                        0x08004a31   Thumb Code   190  oled.o(i.OLED_ShowFloatNum)
    OLED_ShowImage                           0x08004af1   Thumb Code   182  oled.o(i.OLED_ShowImage)
    OLED_ShowNum                             0x08004bad   Thumb Code    70  oled.o(i.OLED_ShowNum)
    OLED_ShowString                          0x08004bf3   Thumb Code    44  oled.o(i.OLED_ShowString)
    OLED_Update                              0x08004c21   Thumb Code    34  oled.o(i.OLED_Update)
    OLED_W_SCL                               0x08004c49   Thumb Code    12  oled.o(i.OLED_W_SCL)
    OLED_W_SDA                               0x08004c59   Thumb Code    12  oled.o(i.OLED_W_SDA)
    OLED_WriteCommand                        0x08004c69   Thumb Code    34  oled.o(i.OLED_WriteCommand)
    OLED_WriteData                           0x08004c8b   Thumb Code    48  oled.o(i.OLED_WriteData)
    Page                                     0x08004cbd   Thumb Code   336  main.o(i.Page)
    PendSV_Handler                           0x08004e71   Thumb Code     2  stm32f1xx_it.o(i.PendSV_Handler)
    Received_Data_Processing                 0x08004e75   Thumb Code    62  esp8266.o(i.Received_Data_Processing)
    SVC_Handler                              0x08004eb9   Thumb Code     2  stm32f1xx_it.o(i.SVC_Handler)
    Send_Data                                0x08004ebd   Thumb Code   102  main.o(i.Send_Data)
    SysTick_Handler                          0x08004f69   Thumb Code     4  stm32f1xx_it.o(i.SysTick_Handler)
    SystemClock_Config                       0x08004f6d   Thumb Code   120  main.o(i.SystemClock_Config)
    SystemInit                               0x08004fe5   Thumb Code     2  system_stm32f1xx.o(i.SystemInit)
    TIM1_UP_IRQHandler                       0x08004fe9   Thumb Code     6  stm32f1xx_it.o(i.TIM1_UP_IRQHandler)
    TIM2_IRQHandler                          0x08004ff5   Thumb Code     6  stm32f1xx_it.o(i.TIM2_IRQHandler)
    TIM_Base_SetConfig                       0x08005001   Thumb Code   108  stm32f1xx_hal_tim.o(i.TIM_Base_SetConfig)
    TIM_ETR_SetConfig                        0x08005079   Thumb Code    20  stm32f1xx_hal_tim.o(i.TIM_ETR_SetConfig)
    UART_Start_Receive_IT                    0x080052bd   Thumb Code    54  stm32f1xx_hal_uart.o(i.UART_Start_Receive_IT)
    USART1_IRQHandler                        0x08005365   Thumb Code     6  stm32f1xx_it.o(i.USART1_IRQHandler)
    USART3_IRQHandler                        0x08005371   Thumb Code     6  stm32f1xx_it.o(i.USART3_IRQHandler)
    Uart1_SendString                         0x0800537d   Thumb Code    26  esp8266.o(i.Uart1_SendString)
    Uart3_Clear_Buff                         0x0800539d   Thumb Code     8  gps.o(i.Uart3_Clear_Buff)
    UsageFault_Handler                       0x080053a9   Thumb Code     2  stm32f1xx_it.o(i.UsageFault_Handler)
    __ARM_fpclassify                         0x080053ab   Thumb Code    40  fpclassify.o(i.__ARM_fpclassify)
    _is_digit                                0x080053f3   Thumb Code    14  __printf_wp.o(i._is_digit)
    main                                     0x08005401   Thumb Code   140  main.o(i.main)
    max30102_Bus_Read                        0x08005499   Thumb Code    76  max30102.o(i.max30102_Bus_Read)
    max30102_Bus_Write                       0x080054e5   Thumb Code    62  max30102.o(i.max30102_Bus_Write)
    max30102_FIFO_ReadBytes                  0x08005523   Thumb Code   122  max30102.o(i.max30102_FIFO_ReadBytes)
    max30102_init                            0x0800559d   Thumb Code   234  max30102.o(i.max30102_init)
    max30102_reset                           0x08005699   Thumb Code    22  max30102.o(i.max30102_reset)
    maxim_find_peaks                         0x080056af   Thumb Code    50  algorithm.o(i.maxim_find_peaks)
    maxim_heart_rate_and_oxygen_saturation   0x080056e1   Thumb Code   940  algorithm.o(i.maxim_heart_rate_and_oxygen_saturation)
    maxim_peaks_above_min_height             0x08005aa1   Thumb Code   106  algorithm.o(i.maxim_peaks_above_min_height)
    maxim_remove_close_peaks                 0x08005b0d   Thumb Code   108  algorithm.o(i.maxim_remove_close_peaks)
    maxim_sort_ascend                        0x08005b79   Thumb Code    50  algorithm.o(i.maxim_sort_ascend)
    maxim_sort_indices_descend               0x08005bad   Thumb Code    58  algorithm.o(i.maxim_sort_indices_descend)
    round                                    0x08005c09   Thumb Code   136  round.o(i.round)
    _get_lc_numeric                          0x08005cb9   Thumb Code    44  lc_numeric_c.o(locale$$code)
    _get_lc_ctype                            0x08005ce5   Thumb Code    44  lc_ctype_c.o(locale$$code)
    __aeabi_d2f                              0x08005d11   Thumb Code     0  d2f.o(x$fpl$d2f)
    _d2f                                     0x08005d11   Thumb Code    98  d2f.o(x$fpl$d2f)
    __aeabi_dadd                             0x08005d75   Thumb Code     0  daddsub_clz.o(x$fpl$dadd)
    _dadd                                    0x08005d75   Thumb Code   332  daddsub_clz.o(x$fpl$dadd)
    __fpl_dcheck_NaN1                        0x08005ec5   Thumb Code    10  dcheck1.o(x$fpl$dcheck1)
    __fpl_dcmp_Inf                           0x08005ed5   Thumb Code    24  dcmpi.o(x$fpl$dcmpinf)
    __aeabi_ddiv                             0x08005eed   Thumb Code     0  ddiv.o(x$fpl$ddiv)
    _ddiv                                    0x08005eed   Thumb Code   552  ddiv.o(x$fpl$ddiv)
    __aeabi_d2uiz                            0x0800619d   Thumb Code     0  dfixu.o(x$fpl$dfixu)
    _dfixu                                   0x0800619d   Thumb Code    90  dfixu.o(x$fpl$dfixu)
    __aeabi_i2d                              0x080061f7   Thumb Code     0  dflt_clz.o(x$fpl$dflt)
    _dflt                                    0x080061f7   Thumb Code    46  dflt_clz.o(x$fpl$dflt)
    __aeabi_ui2d                             0x08006225   Thumb Code     0  dflt_clz.o(x$fpl$dfltu)
    _dfltu                                   0x08006225   Thumb Code    38  dflt_clz.o(x$fpl$dfltu)
    __aeabi_cdcmple                          0x0800624d   Thumb Code     0  dleqf.o(x$fpl$dleqf)
    _dcmple                                  0x0800624d   Thumb Code   120  dleqf.o(x$fpl$dleqf)
    __fpl_dcmple_InfNaN                      0x080062af   Thumb Code     0  dleqf.o(x$fpl$dleqf)
    __aeabi_dmul                             0x080062c5   Thumb Code     0  dmul.o(x$fpl$dmul)
    _dmul                                    0x080062c5   Thumb Code   332  dmul.o(x$fpl$dmul)
    __fpl_dnaninf                            0x08006419   Thumb Code   156  dnaninf.o(x$fpl$dnaninf)
    __fpl_dretinf                            0x080064b5   Thumb Code    12  dretinf.o(x$fpl$dretinf)
    __aeabi_cdrcmple                         0x080064c1   Thumb Code     0  drleqf.o(x$fpl$drleqf)
    _drcmple                                 0x080064c1   Thumb Code   108  drleqf.o(x$fpl$drleqf)
    _drnd                                    0x0800652d   Thumb Code   180  drnd.o(x$fpl$drnd)
    __aeabi_drsub                            0x080065e1   Thumb Code     0  daddsub_clz.o(x$fpl$drsb)
    _drsb                                    0x080065e1   Thumb Code    22  daddsub_clz.o(x$fpl$drsb)
    __aeabi_dsub                             0x080065f9   Thumb Code     0  daddsub_clz.o(x$fpl$dsub)
    _dsub                                    0x080065f9   Thumb Code   464  daddsub_clz.o(x$fpl$dsub)
    __aeabi_f2d                              0x080067cd   Thumb Code     0  f2d.o(x$fpl$f2d)
    _f2d                                     0x080067cd   Thumb Code    86  f2d.o(x$fpl$f2d)
    __fpl_fcheck_NaN1                        0x08006825   Thumb Code     6  fcheck1.o(x$fpl$fcheck1)
    __fpl_fcmp_Inf                           0x08006831   Thumb Code    24  fcmpi.o(x$fpl$fcmpinf)
    __aeabi_fdiv                             0x08006849   Thumb Code     0  fdiv.o(x$fpl$fdiv)
    _fdiv                                    0x08006849   Thumb Code   384  fdiv.o(x$fpl$fdiv)
    __aeabi_f2iz                             0x080069cd   Thumb Code     0  ffix.o(x$fpl$ffix)
    _ffix                                    0x080069cd   Thumb Code    54  ffix.o(x$fpl$ffix)
    __aeabi_i2f                              0x08006a05   Thumb Code     0  fflt_clz.o(x$fpl$fflt)
    _fflt                                    0x08006a05   Thumb Code    48  fflt_clz.o(x$fpl$fflt)
    __aeabi_ui2f                             0x08006a35   Thumb Code     0  fflt_clz.o(x$fpl$ffltu)
    _ffltu                                   0x08006a35   Thumb Code    38  fflt_clz.o(x$fpl$ffltu)
    __aeabi_cfcmple                          0x08006a5d   Thumb Code     0  fleqf.o(x$fpl$fleqf)
    _fcmple                                  0x08006a5d   Thumb Code   104  fleqf.o(x$fpl$fleqf)
    __fpl_fcmple_InfNaN                      0x08006aaf   Thumb Code     0  fleqf.o(x$fpl$fleqf)
    __aeabi_fmul                             0x08006ac5   Thumb Code     0  fmul.o(x$fpl$fmul)
    _fmul                                    0x08006ac5   Thumb Code   258  fmul.o(x$fpl$fmul)
    __fpl_fnaninf                            0x08006bc7   Thumb Code   140  fnaninf.o(x$fpl$fnaninf)
    __fpl_fretinf                            0x08006c53   Thumb Code    10  fretinf.o(x$fpl$fretinf)
    _printf_fp_dec                           0x08006c5d   Thumb Code     4  printf1.o(x$fpl$printf1)
    __fpl_return_NaN                         0x08006c61   Thumb Code   100  retnan.o(x$fpl$retnan)
    __ARM_scalbn                             0x08006cc5   Thumb Code    92  scalbn.o(x$fpl$scalbn)
    __ARM_scalbnf                            0x08006d21   Thumb Code    76  scalbnf.o(x$fpl$scalbnf)
    __fpl_cmpreturn                          0x08006d6d   Thumb Code    48  trapv.o(x$fpl$trapveneer)
    OLED_F8x16                               0x08006d9c   Data        1520  oled_data.o(.constdata)
    __I$use$fp                               0x08006d9c   Number         0  usenofp.o(x$fpl$usenofp)
    OLED_F6x8                                0x0800738c   Data         570  oled_data.o(.constdata)
    OLED_CF16x16                             0x080075c6   Data        3045  oled_data.o(.constdata)
    auw_hamm                                 0x080081ac   Data          62  algorithm.o(.constdata)
    uch_spo2_table                           0x080081ea   Data         184  algorithm.o(.constdata)
    AHBPrescTable                            0x080082b4   Data          16  system_stm32f1xx.o(.constdata)
    APBPrescTable                            0x080082c4   Data           8  system_stm32f1xx.o(.constdata)
    Region$$Table$$Base                      0x0800846c   Number         0  anon$$obj.o(Region$$Table)
    Region$$Table$$Limit                     0x0800848c   Number         0  anon$$obj.o(Region$$Table)
    __ctype                                  0x080084b5   Data           0  lc_ctype_c.o(locale$$data)
    heart                                    0x20000000   Data           1  main.o(.data)
    spo2                                     0x20000001   Data           1  main.o(.data)
    tumble                                   0x20000002   Data           1  main.o(.data)
    tumble_state                             0x20000003   Data           1  main.o(.data)
    step                                     0x20000004   Data           1  main.o(.data)
    step_state                               0x20000005   Data           1  main.o(.data)
    warning_type                             0x20000006   Data           1  main.o(.data)
    mode                                     0x20000007   Data           1  main.o(.data)
    send_time                                0x20000008   Data           1  main.o(.data)
    temp_max                                 0x2000000a   Data           2  main.o(.data)
    heart_max                                0x2000000c   Data           2  main.o(.data)
    spo2_max                                 0x2000000e   Data           2  main.o(.data)
    X                                        0x20000010   Data           2  main.o(.data)
    Y                                        0x20000012   Data           2  main.o(.data)
    Z                                        0x20000014   Data           2  main.o(.data)
    jd                                       0x20000018   Data           4  main.o(.data)
    wd                                       0x2000001c   Data           4  main.o(.data)
    temp_value                               0x20000020   Data           4  main.o(.data)
    time                                     0x20000024   Data           7  main.o(.data)
    sec_tmep                                 0x2000002c   Data           1  esp8266.o(.data)
    minute_temp                              0x2000002d   Data           1  esp8266.o(.data)
    hour_temp                                0x2000002e   Data           1  esp8266.o(.data)
    esp8266_time                             0x2000002f   Data           1  esp8266.o(.data)
    time_flag                                0x20000030   Data           1  esp8266.o(.data)
    Calibration_time_falg                    0x20000031   Data           1  esp8266.o(.data)
    esp8266_cntPre                           0x20000032   Data           2  esp8266.o(.data)
    Calibration_time                         0x20000034   Data           7  esp8266.o(.data)
    rxdata1                                  0x2000003c   Data           1  uart.o(.data)
    rxdata3                                  0x2000003d   Data           1  uart.o(.data)
    rx_flag                                  0x2000003e   Data           1  uart.o(.data)
    rx_state                                 0x2000003f   Data           1  uart.o(.data)
    uart1_i                                  0x20000040   Data           2  uart.o(.data)
    uart3_i                                  0x20000042   Data           2  uart.o(.data)
    ch_spo2_valid                            0x20000044   Data           1  max30102.o(.data)
    ch_hr_valid                              0x20000045   Data           1  max30102.o(.data)
    un_min                                   0x20000048   Data           4  max30102.o(.data)
    un_max                                   0x2000004c   Data           4  max30102.o(.data)
    n_brightness                             0x20000050   Data           4  max30102.o(.data)
    n_sp02                                   0x20000054   Data           4  max30102.o(.data)
    n_heart_rate                             0x20000058   Data           4  max30102.o(.data)
    un_prev_data                             0x2000005c   Data           4  max30102.o(.data)
    f_temp                                   0x20000060   Data           4  max30102.o(.data)
    temp                                     0x20000064   Data           6  max30102.o(.data)
    gps_time                                 0x2000006c   Data           1  gps.o(.data)
    gps_i                                    0x2000006e   Data           2  gps.o(.data)
    longitude_value                          0x20000070   Data           4  gps.o(.data)
    latitude_value                           0x20000074   Data           4  gps.o(.data)
    most_active_axis                         0x20000078   Data           1  mpu6050.o(.data)
    uwTickFreq                               0x2000008c   Data           1  stm32f1xx_hal.o(.data)
    uwTickPrio                               0x20000090   Data           4  stm32f1xx_hal.o(.data)
    uwTick                                   0x20000094   Data           4  stm32f1xx_hal.o(.data)
    SystemCoreClock                          0x20000098   Data           4  system_stm32f1xx.o(.data)
    MPU6050_Data                             0x2000009c   Data          20  main.o(.bss)
    str                                      0x200000b0   Data         200  main.o(.bss)
    hadc1                                    0x20000178   Data          48  adc.o(.bss)
    htim1                                    0x200001a8   Data          72  tim.o(.bss)
    htim2                                    0x200001f0   Data          72  tim.o(.bss)
    huart1                                   0x20000238   Data          72  usart.o(.bss)
    huart3                                   0x20000280   Data          72  usart.o(.bss)
    OLED_DisplayBuf                          0x200002c8   Data        1024  oled.o(.bss)
    uart1_Buff                               0x200006c8   Data         200  uart.o(.bss)
    uart3_Buff                               0x20000790   Data         200  uart.o(.bss)
    aun_ir_buffer                            0x20001fb8   Data        2000  max30102.o(.bss)
    aun_red_buffer                           0x20002788   Data        2000  max30102.o(.bss)
    old_ave_GyroValue                        0x20002f6c   Data          20  mpu6050.o(.bss)
    peak_value                               0x20002f80   Data          40  mpu6050.o(.bss)
    __libspace_start                         0x20002fa8   Data          96  libspace.o(.bss)
    __temporary_stack_top$libspace           0x20003008   Data           0  libspace.o(.bss)



==============================================================================

Memory Map of the image

  Image Entry point : 0x080000ed

  Load Region LR_IROM1 (Base: 0x08000000, Size: 0x00008654, Max: 0x00010000, ABSOLUTE)

    Execution Region ER_IROM1 (Exec base: 0x08000000, Load base: 0x08000000, Size: 0x000085b8, Max: 0x00010000, ABSOLUTE)

    Exec Addr    Load Addr    Size         Type   Attr      Idx    E Section Name        Object

    0x08000000   0x08000000   0x000000ec   Data   RO            3    RESET               startup_stm32f103xb.o
    0x080000ec   0x080000ec   0x00000008   Code   RO         4319  * !!!main             c_w.l(__main.o)
    0x080000f4   0x080000f4   0x00000034   Code   RO         4739    !!!scatter          c_w.l(__scatter.o)
    0x08000128   0x08000128   0x0000001a   Code   RO         4741    !!handler_copy      c_w.l(__scatter_copy.o)
    0x08000142   0x08000142   0x00000002   PAD
    0x08000144   0x08000144   0x0000001c   Code   RO         4743    !!handler_zi        c_w.l(__scatter_zi.o)
    0x08000160   0x08000160   0x00000000   Code   RO         4302    .ARM.Collect$$_printf_percent$$00000000  c_w.l(_printf_percent.o)
    0x08000160   0x08000160   0x00000006   Code   RO         4301    .ARM.Collect$$_printf_percent$$00000003  c_w.l(_printf_f.o)
    0x08000166   0x08000166   0x00000006   Code   RO         4299    .ARM.Collect$$_printf_percent$$00000009  c_w.l(_printf_d.o)
    0x0800016c   0x0800016c   0x00000006   Code   RO         4300    .ARM.Collect$$_printf_percent$$0000000A  c_w.l(_printf_u.o)
    0x08000172   0x08000172   0x00000006   Code   RO         4298    .ARM.Collect$$_printf_percent$$00000014  c_w.l(_printf_s.o)
    0x08000178   0x08000178   0x00000004   Code   RO         4458    .ARM.Collect$$_printf_percent$$00000017  c_w.l(_printf_percent_end.o)
    0x0800017c   0x0800017c   0x00000002   Code   RO         4610    .ARM.Collect$$libinit$$00000000  c_w.l(libinit.o)
    0x0800017e   0x0800017e   0x00000000   Code   RO         4612    .ARM.Collect$$libinit$$00000002  c_w.l(libinit2.o)
    0x0800017e   0x0800017e   0x00000000   Code   RO         4614    .ARM.Collect$$libinit$$00000004  c_w.l(libinit2.o)
    0x0800017e   0x0800017e   0x00000000   Code   RO         4617    .ARM.Collect$$libinit$$0000000A  c_w.l(libinit2.o)
    0x0800017e   0x0800017e   0x00000000   Code   RO         4619    .ARM.Collect$$libinit$$0000000C  c_w.l(libinit2.o)
    0x0800017e   0x0800017e   0x00000000   Code   RO         4621    .ARM.Collect$$libinit$$0000000E  c_w.l(libinit2.o)
    0x0800017e   0x0800017e   0x00000006   Code   RO         4622    .ARM.Collect$$libinit$$0000000F  c_w.l(libinit2.o)
    0x08000184   0x08000184   0x00000000   Code   RO         4624    .ARM.Collect$$libinit$$00000011  c_w.l(libinit2.o)
    0x08000184   0x08000184   0x0000000c   Code   RO         4625    .ARM.Collect$$libinit$$00000012  c_w.l(libinit2.o)
    0x08000190   0x08000190   0x00000000   Code   RO         4626    .ARM.Collect$$libinit$$00000013  c_w.l(libinit2.o)
    0x08000190   0x08000190   0x00000000   Code   RO         4628    .ARM.Collect$$libinit$$00000015  c_w.l(libinit2.o)
    0x08000190   0x08000190   0x0000000a   Code   RO         4629    .ARM.Collect$$libinit$$00000016  c_w.l(libinit2.o)
    0x0800019a   0x0800019a   0x00000000   Code   RO         4630    .ARM.Collect$$libinit$$00000017  c_w.l(libinit2.o)
    0x0800019a   0x0800019a   0x00000000   Code   RO         4632    .ARM.Collect$$libinit$$00000019  c_w.l(libinit2.o)
    0x0800019a   0x0800019a   0x00000000   Code   RO         4634    .ARM.Collect$$libinit$$0000001B  c_w.l(libinit2.o)
    0x0800019a   0x0800019a   0x00000000   Code   RO         4636    .ARM.Collect$$libinit$$0000001D  c_w.l(libinit2.o)
    0x0800019a   0x0800019a   0x00000000   Code   RO         4638    .ARM.Collect$$libinit$$0000001F  c_w.l(libinit2.o)
    0x0800019a   0x0800019a   0x00000000   Code   RO         4640    .ARM.Collect$$libinit$$00000021  c_w.l(libinit2.o)
    0x0800019a   0x0800019a   0x00000000   Code   RO         4642    .ARM.Collect$$libinit$$00000023  c_w.l(libinit2.o)
    0x0800019a   0x0800019a   0x00000000   Code   RO         4644    .ARM.Collect$$libinit$$00000025  c_w.l(libinit2.o)
    0x0800019a   0x0800019a   0x00000000   Code   RO         4648    .ARM.Collect$$libinit$$0000002C  c_w.l(libinit2.o)
    0x0800019a   0x0800019a   0x00000000   Code   RO         4650    .ARM.Collect$$libinit$$0000002E  c_w.l(libinit2.o)
    0x0800019a   0x0800019a   0x00000000   Code   RO         4652    .ARM.Collect$$libinit$$00000030  c_w.l(libinit2.o)
    0x0800019a   0x0800019a   0x00000000   Code   RO         4654    .ARM.Collect$$libinit$$00000032  c_w.l(libinit2.o)
    0x0800019a   0x0800019a   0x00000002   Code   RO         4655    .ARM.Collect$$libinit$$00000033  c_w.l(libinit2.o)
    0x0800019c   0x0800019c   0x00000002   Code   RO         4687    .ARM.Collect$$libshutdown$$00000000  c_w.l(libshutdown.o)
    0x0800019e   0x0800019e   0x00000000   Code   RO         4698    .ARM.Collect$$libshutdown$$00000002  c_w.l(libshutdown2.o)
    0x0800019e   0x0800019e   0x00000000   Code   RO         4700    .ARM.Collect$$libshutdown$$00000004  c_w.l(libshutdown2.o)
    0x0800019e   0x0800019e   0x00000000   Code   RO         4703    .ARM.Collect$$libshutdown$$00000007  c_w.l(libshutdown2.o)
    0x0800019e   0x0800019e   0x00000000   Code   RO         4706    .ARM.Collect$$libshutdown$$0000000A  c_w.l(libshutdown2.o)
    0x0800019e   0x0800019e   0x00000000   Code   RO         4708    .ARM.Collect$$libshutdown$$0000000C  c_w.l(libshutdown2.o)
    0x0800019e   0x0800019e   0x00000000   Code   RO         4711    .ARM.Collect$$libshutdown$$0000000F  c_w.l(libshutdown2.o)
    0x0800019e   0x0800019e   0x00000002   Code   RO         4712    .ARM.Collect$$libshutdown$$00000010  c_w.l(libshutdown2.o)
    0x080001a0   0x080001a0   0x00000000   Code   RO         4395    .ARM.Collect$$rtentry$$00000000  c_w.l(__rtentry.o)
    0x080001a0   0x080001a0   0x00000000   Code   RO         4524    .ARM.Collect$$rtentry$$00000002  c_w.l(__rtentry2.o)
    0x080001a0   0x080001a0   0x00000006   Code   RO         4536    .ARM.Collect$$rtentry$$00000004  c_w.l(__rtentry4.o)
    0x080001a6   0x080001a6   0x00000000   Code   RO         4526    .ARM.Collect$$rtentry$$00000009  c_w.l(__rtentry2.o)
    0x080001a6   0x080001a6   0x00000004   Code   RO         4527    .ARM.Collect$$rtentry$$0000000A  c_w.l(__rtentry2.o)
    0x080001aa   0x080001aa   0x00000000   Code   RO         4529    .ARM.Collect$$rtentry$$0000000C  c_w.l(__rtentry2.o)
    0x080001aa   0x080001aa   0x00000008   Code   RO         4530    .ARM.Collect$$rtentry$$0000000D  c_w.l(__rtentry2.o)
    0x080001b2   0x080001b2   0x00000002   Code   RO         4658    .ARM.Collect$$rtexit$$00000000  c_w.l(rtexit.o)
    0x080001b4   0x080001b4   0x00000000   Code   RO         4665    .ARM.Collect$$rtexit$$00000002  c_w.l(rtexit2.o)
    0x080001b4   0x080001b4   0x00000004   Code   RO         4666    .ARM.Collect$$rtexit$$00000003  c_w.l(rtexit2.o)
    0x080001b8   0x080001b8   0x00000006   Code   RO         4667    .ARM.Collect$$rtexit$$00000004  c_w.l(rtexit2.o)
    0x080001be   0x080001be   0x00000002   PAD
    0x080001c0   0x080001c0   0x00000040   Code   RO            4    .text               startup_stm32f103xb.o
    0x08000200   0x08000200   0x0000002c   Code   RO         4266    .text               c_w.l(__2sprintf.o)
    0x0800022c   0x0800022c   0x0000004e   Code   RO         4272    .text               c_w.l(_printf_pad.o)
    0x0800027a   0x0800027a   0x00000052   Code   RO         4274    .text               c_w.l(_printf_str.o)
    0x080002cc   0x080002cc   0x00000078   Code   RO         4276    .text               c_w.l(_printf_dec.o)
    0x08000344   0x08000344   0x00000188   Code   RO         4295    .text               c_w.l(__printf_flags_ss_wp.o)
    0x080004cc   0x080004cc   0x0000001a   Code   RO         4303    .text               c_w.l(atoi.o)
    0x080004e6   0x080004e6   0x00000024   Code   RO         4305    .text               c_w.l(strstr.o)
    0x0800050a   0x0800050a   0x00000048   Code   RO         4307    .text               c_w.l(strcpy.o)
    0x08000552   0x08000552   0x0000003e   Code   RO         4309    .text               c_w.l(strlen.o)
    0x08000590   0x08000590   0x00000044   Code   RO         4311    .text               c_w.l(rt_memclr.o)
    0x080005d4   0x080005d4   0x0000004e   Code   RO         4313    .text               c_w.l(rt_memclr_w.o)
    0x08000622   0x08000622   0x00000002   PAD
    0x08000624   0x08000624   0x00000080   Code   RO         4315    .text               c_w.l(strcmpv7m.o)
    0x080006a4   0x080006a4   0x00000006   Code   RO         4317    .text               c_w.l(heapauxi.o)
    0x080006aa   0x080006aa   0x00000002   PAD
    0x080006ac   0x080006ac   0x00000008   Code   RO         4399    .text               c_w.l(rt_errno_addr_intlibspace.o)
    0x080006b4   0x080006b4   0x000000b2   Code   RO         4405    .text               c_w.l(_printf_intcommon.o)
    0x08000766   0x08000766   0x0000041e   Code   RO         4409    .text               c_w.l(_printf_fp_dec.o)
    0x08000b84   0x08000b84   0x00000030   Code   RO         4411    .text               c_w.l(_printf_char_common.o)
    0x08000bb4   0x08000bb4   0x0000000a   Code   RO         4413    .text               c_w.l(_sputc.o)
    0x08000bbe   0x08000bbe   0x0000002c   Code   RO         4415    .text               c_w.l(_printf_char.o)
    0x08000bea   0x08000bea   0x00000070   Code   RO         4468    .text               c_w.l(strtol.o)
    0x08000c5a   0x08000c5a   0x00000002   PAD
    0x08000c5c   0x08000c5c   0x00000008   Code   RO         4520    .text               c_w.l(libspace.o)
    0x08000c64   0x08000c64   0x00000010   Code   RO         4538    .text               c_w.l(rt_ctype_table.o)
    0x08000c74   0x08000c74   0x00000008   Code   RO         4543    .text               c_w.l(rt_locale_intlibspace.o)
    0x08000c7c   0x08000c7c   0x0000008a   Code   RO         4545    .text               c_w.l(lludiv10.o)
    0x08000d06   0x08000d06   0x00000002   PAD
    0x08000d08   0x08000d08   0x00000080   Code   RO         4550    .text               c_w.l(_printf_fp_infnan.o)
    0x08000d88   0x08000d88   0x0000009e   Code   RO         4556    .text               c_w.l(_strtoul.o)
    0x08000e26   0x08000e26   0x00000002   PAD
    0x08000e28   0x08000e28   0x000000e4   Code   RO         4558    .text               c_w.l(bigflt0.o)
    0x08000f0c   0x08000f0c   0x0000004a   Code   RO         4596    .text               c_w.l(sys_stackheap_outer.o)
    0x08000f56   0x08000f56   0x0000001c   Code   RO         4598    .text               c_w.l(_chval.o)
    0x08000f72   0x08000f72   0x00000012   Code   RO         4603    .text               c_w.l(exit.o)
    0x08000f84   0x08000f84   0x0000000c   Code   RO         4677    .text               c_w.l(sys_exit.o)
    0x08000f90   0x08000f90   0x00000002   Code   RO         4688    .text               c_w.l(use_no_semi.o)
    0x08000f92   0x08000f92   0x00000000   Code   RO         4690    .text               c_w.l(indicate_semi.o)
    0x08000f92   0x08000f92   0x0000003e   Code   RO         4561    CL$$btod_d2e        c_w.l(btod.o)
    0x08000fd0   0x08000fd0   0x00000046   Code   RO         4563    CL$$btod_d2e_denorm_low  c_w.l(btod.o)
    0x08001016   0x08001016   0x00000060   Code   RO         4562    CL$$btod_d2e_norm_op1  c_w.l(btod.o)
    0x08001076   0x08001076   0x00000338   Code   RO         4571    CL$$btod_div_common  c_w.l(btod.o)
    0x080013ae   0x080013ae   0x000000dc   Code   RO         4568    CL$$btod_e2e        c_w.l(btod.o)
    0x0800148a   0x0800148a   0x0000002a   Code   RO         4565    CL$$btod_ediv       c_w.l(btod.o)
    0x080014b4   0x080014b4   0x0000002a   Code   RO         4564    CL$$btod_emul       c_w.l(btod.o)
    0x080014de   0x080014de   0x00000244   Code   RO         4570    CL$$btod_mult_common  c_w.l(btod.o)
    0x08001722   0x08001722   0x00000002   PAD
    0x08001724   0x08001724   0x00000056   Code   RO         1636    i.ADC_ConversionStop_Disable  stm32f1xx_hal_adc.o
    0x0800177a   0x0800177a   0x00000002   Code   RO          413    i.BusFault_Handler  stm32f1xx_it.o
    0x0800177c   0x0800177c   0x00000010   Code   RO           15    i.Buzzer_Set_state  main.o
    0x0800178c   0x0800178c   0x00000070   Code   RO           16    i.Ctrl              main.o
    0x080017fc   0x080017fc   0x00000040   Code   RO         1279    i.DS1302_Init       ds1302.o
    0x0800183c   0x0800183c   0x00000078   Code   RO         1281    i.DS1302_ReadByte   ds1302.o
    0x080018b4   0x080018b4   0x000000a4   Code   RO         1284    i.DS1302_ReadTime   ds1302.o
    0x08001958   0x08001958   0x00000044   Code   RO         1286    i.DS1302_SendCmd    ds1302.o
    0x0800199c   0x0800199c   0x00000070   Code   RO         1288    i.DS1302_WriteByte  ds1302.o
    0x08001a0c   0x08001a0c   0x000000e4   Code   RO         1291    i.DS1302_WriteTime  ds1302.o
    0x08001af0   0x08001af0   0x00000036   Code   RO         1293    i.DS1302_Write_Time  ds1302.o
    0x08001b26   0x08001b26   0x00000002   PAD
    0x08001b28   0x08001b28   0x00000060   Code   RO          954    i.DS18B20_Check     ds18b20.o
    0x08001b88   0x08001b88   0x00000060   Code   RO          955    i.DS18B20_GetTemp   ds18b20.o
    0x08001be8   0x08001be8   0x00000048   Code   RO          956    i.DS18B20_Read_Bit  ds18b20.o
    0x08001c30   0x08001c30   0x00000020   Code   RO          957    i.DS18B20_Read_Byte  ds18b20.o
    0x08001c50   0x08001c50   0x00000030   Code   RO          958    i.DS18B20_Reset     ds18b20.o
    0x08001c80   0x08001c80   0x0000001a   Code   RO          959    i.DS18B20_Start     ds18b20.o
    0x08001c9a   0x08001c9a   0x00000002   PAD
    0x08001c9c   0x08001c9c   0x00000058   Code   RO          960    i.DS18B20_Write_Byte  ds18b20.o
    0x08001cf4   0x08001cf4   0x00000002   Code   RO          414    i.DebugMon_Handler  stm32f1xx_it.o
    0x08001cf6   0x08001cf6   0x00000016   Code   RO          537    i.Delay_ms          delay.o
    0x08001d0c   0x08001d0c   0x00000020   Code   RO          539    i.Delay_us          delay.o
    0x08001d2c   0x08001d2c   0x0000001c   Code   RO          575    i.ESP8266_Clear     esp8266.o
    0x08001d48   0x08001d48   0x000001d0   Code   RO          576    i.ESP8266_Connect   esp8266.o
    0x08001f18   0x08001f18   0x00000284   Code   RO          577    i.ESP8266_GetIPD    esp8266.o
    0x0800219c   0x0800219c   0x000000e0   Code   RO          578    i.ESP8266_Init      esp8266.o
    0x0800227c   0x0800227c   0x0000003c   Code   RO          579    i.ESP8266_SendCmd   esp8266.o
    0x080022b8   0x080022b8   0x0000009c   Code   RO          580    i.ESP8266_SendData  esp8266.o
    0x08002354   0x08002354   0x00000038   Code   RO          581    i.ESP8266_WaitRecive  esp8266.o
    0x0800238c   0x0800238c   0x00000004   Code   RO           17    i.Error_Handler     main.o
    0x08002390   0x08002390   0x00000014   Code   RO         1412    i.GPS_Init          gps.o
    0x080023a4   0x080023a4   0x00000248   Code   RO         1413    i.GPS_Read          gps.o
    0x080025ec   0x080025ec   0x000000fc   Code   RO         1642    i.HAL_ADC_ConfigChannel  stm32f1xx_hal_adc.o
    0x080026e8   0x080026e8   0x0000011c   Code   RO         1651    i.HAL_ADC_Init      stm32f1xx_hal_adc.o
    0x08002804   0x08002804   0x00000058   Code   RO          269    i.HAL_ADC_MspInit   adc.o
    0x0800285c   0x0800285c   0x00000046   Code   RO         2293    i.HAL_DMA_Abort     stm32f1xx_hal_dma.o
    0x080028a2   0x080028a2   0x00000002   PAD
    0x080028a4   0x080028a4   0x00000098   Code   RO         2294    i.HAL_DMA_Abort_IT  stm32f1xx_hal_dma.o
    0x0800293c   0x0800293c   0x000001e0   Code   RO         2229    i.HAL_GPIO_Init     stm32f1xx_hal_gpio.o
    0x08002b1c   0x08002b1c   0x0000000a   Code   RO         2231    i.HAL_GPIO_ReadPin  stm32f1xx_hal_gpio.o
    0x08002b26   0x08002b26   0x0000000a   Code   RO         2233    i.HAL_GPIO_WritePin  stm32f1xx_hal_gpio.o
    0x08002b30   0x08002b30   0x0000000c   Code   RO         1923    i.HAL_GetTick       stm32f1xx_hal.o
    0x08002b3c   0x08002b3c   0x00000010   Code   RO         1929    i.HAL_IncTick       stm32f1xx_hal.o
    0x08002b4c   0x08002b4c   0x00000024   Code   RO         1930    i.HAL_Init          stm32f1xx_hal.o
    0x08002b70   0x08002b70   0x00000040   Code   RO         1931    i.HAL_InitTick      stm32f1xx_hal.o
    0x08002bb0   0x08002bb0   0x0000003c   Code   RO          513    i.HAL_MspInit       stm32f1xx_hal_msp.o
    0x08002bec   0x08002bec   0x0000001a   Code   RO         2389    i.HAL_NVIC_EnableIRQ  stm32f1xx_hal_cortex.o
    0x08002c06   0x08002c06   0x00000002   PAD
    0x08002c08   0x08002c08   0x00000040   Code   RO         2395    i.HAL_NVIC_SetPriority  stm32f1xx_hal_cortex.o
    0x08002c48   0x08002c48   0x00000024   Code   RO         2396    i.HAL_NVIC_SetPriorityGrouping  stm32f1xx_hal_cortex.o
    0x08002c6c   0x08002c6c   0x000000ec   Code   RO         2191    i.HAL_RCCEx_PeriphCLKConfig  stm32f1xx_hal_rcc_ex.o
    0x08002d58   0x08002d58   0x0000012c   Code   RO         2087    i.HAL_RCC_ClockConfig  stm32f1xx_hal_rcc.o
    0x08002e84   0x08002e84   0x00000020   Code   RO         2094    i.HAL_RCC_GetPCLK1Freq  stm32f1xx_hal_rcc.o
    0x08002ea4   0x08002ea4   0x00000020   Code   RO         2095    i.HAL_RCC_GetPCLK2Freq  stm32f1xx_hal_rcc.o
    0x08002ec4   0x08002ec4   0x0000004c   Code   RO         2096    i.HAL_RCC_GetSysClockFreq  stm32f1xx_hal_rcc.o
    0x08002f10   0x08002f10   0x00000320   Code   RO         2099    i.HAL_RCC_OscConfig  stm32f1xx_hal_rcc.o
    0x08003230   0x08003230   0x00000028   Code   RO         2400    i.HAL_SYSTICK_Config  stm32f1xx_hal_cortex.o
    0x08003258   0x08003258   0x00000002   Code   RO         3595    i.HAL_TIMEx_BreakCallback  stm32f1xx_hal_tim_ex.o
    0x0800325a   0x0800325a   0x00000002   Code   RO         3596    i.HAL_TIMEx_CommutCallback  stm32f1xx_hal_tim_ex.o
    0x0800325c   0x0800325c   0x00000068   Code   RO         3614    i.HAL_TIMEx_MasterConfigSynchronization  stm32f1xx_hal_tim_ex.o
    0x080032c4   0x080032c4   0x0000005a   Code   RO         2891    i.HAL_TIM_Base_Init  stm32f1xx_hal_tim.o
    0x0800331e   0x0800331e   0x00000002   PAD
    0x08003320   0x08003320   0x00000060   Code   RO          311    i.HAL_TIM_Base_MspInit  tim.o
    0x08003380   0x08003380   0x00000058   Code   RO         2896    i.HAL_TIM_Base_Start_IT  stm32f1xx_hal_tim.o
    0x080033d8   0x080033d8   0x000000dc   Code   RO         2900    i.HAL_TIM_ConfigClockSource  stm32f1xx_hal_tim.o
    0x080034b4   0x080034b4   0x00000002   Code   RO         2925    i.HAL_TIM_IC_CaptureCallback  stm32f1xx_hal_tim.o
    0x080034b6   0x080034b6   0x00000130   Code   RO         2939    i.HAL_TIM_IRQHandler  stm32f1xx_hal_tim.o
    0x080035e6   0x080035e6   0x00000002   Code   RO         2942    i.HAL_TIM_OC_DelayElapsedCallback  stm32f1xx_hal_tim.o
    0x080035e8   0x080035e8   0x00000002   Code   RO         2969    i.HAL_TIM_PWM_PulseFinishedCallback  stm32f1xx_hal_tim.o
    0x080035ea   0x080035ea   0x00000002   Code   RO          312    i.HAL_TIM_PeriodElapsedCallback  tim.o
    0x080035ec   0x080035ec   0x00000002   Code   RO         2982    i.HAL_TIM_TriggerCallback  stm32f1xx_hal_tim.o
    0x080035ee   0x080035ee   0x00000002   Code   RO         3874    i.HAL_UARTEx_RxEventCallback  stm32f1xx_hal_uart.o
    0x080035f0   0x080035f0   0x00000002   Code   RO         3888    i.HAL_UART_ErrorCallback  stm32f1xx_hal_uart.o
    0x080035f2   0x080035f2   0x00000002   PAD
    0x080035f4   0x080035f4   0x0000026c   Code   RO         3891    i.HAL_UART_IRQHandler  stm32f1xx_hal_uart.o
    0x08003860   0x08003860   0x00000064   Code   RO         3892    i.HAL_UART_Init     stm32f1xx_hal_uart.o
    0x080038c4   0x080038c4   0x000000dc   Code   RO          366    i.HAL_UART_MspInit  usart.o
    0x080039a0   0x080039a0   0x0000001c   Code   RO         3897    i.HAL_UART_Receive_IT  stm32f1xx_hal_uart.o
    0x080039bc   0x080039bc   0x000000bc   Code   RO          925    i.HAL_UART_RxCpltCallback  uart.o
    0x08003a78   0x08003a78   0x000000a0   Code   RO         3900    i.HAL_UART_Transmit  stm32f1xx_hal_uart.o
    0x08003b18   0x08003b18   0x00000002   Code   RO         3903    i.HAL_UART_TxCpltCallback  stm32f1xx_hal_uart.o
    0x08003b1a   0x08003b1a   0x00000002   Code   RO          415    i.HardFault_Handler  stm32f1xx_it.o
    0x08003b1c   0x08003b1c   0x0000005c   Code   RO         1463    i.I2C_Read_Regs     mpu6050.o
    0x08003b78   0x08003b78   0x00000032   Code   RO         1464    i.I2C_RecviceByte   mpu6050.o
    0x08003baa   0x08003baa   0x00000016   Code   RO         1465    i.I2C_SendACK       mpu6050.o
    0x08003bc0   0x08003bc0   0x00000026   Code   RO         1466    i.I2C_SendByte      mpu6050.o
    0x08003be6   0x08003be6   0x0000001e   Code   RO         1467    i.I2C_Start         mpu6050.o
    0x08003c04   0x08003c04   0x00000018   Code   RO         1468    i.I2C_Stop          mpu6050.o
    0x08003c1c   0x08003c1c   0x0000001e   Code   RO         1469    i.I2C_WaitAck       mpu6050.o
    0x08003c3a   0x08003c3a   0x00000030   Code   RO         1470    i.I2C_WriteReg      mpu6050.o
    0x08003c6a   0x08003c6a   0x00000002   PAD
    0x08003c6c   0x08003c6c   0x0000002c   Code   RO         1076    i.IIC_Ack           hal_iic.o
    0x08003c98   0x08003c98   0x00000010   Code   RO         1077    i.IIC_Init          hal_iic.o
    0x08003ca8   0x08003ca8   0x0000002c   Code   RO         1078    i.IIC_NAck          hal_iic.o
    0x08003cd4   0x08003cd4   0x0000005c   Code   RO         1080    i.IIC_Read_Byte     hal_iic.o
    0x08003d30   0x08003d30   0x0000004c   Code   RO         1082    i.IIC_Send_Byte     hal_iic.o
    0x08003d7c   0x08003d7c   0x00000030   Code   RO         1083    i.IIC_Start         hal_iic.o
    0x08003dac   0x08003dac   0x00000030   Code   RO         1084    i.IIC_Stop          hal_iic.o
    0x08003ddc   0x08003ddc   0x00000044   Code   RO         1085    i.IIC_Wait_Ack      hal_iic.o
    0x08003e20   0x08003e20   0x0000018c   Code   RO         1182    i.MAX30102_GetData  max30102.o
    0x08003fac   0x08003fac   0x00000110   Code   RO         1471    i.MPU6050_Get_Step  mpu6050.o
    0x080040bc   0x080040bc   0x00000184   Code   RO         1472    i.MPU6050_Get_Value  mpu6050.o
    0x08004240   0x08004240   0x0000006e   Code   RO         1473    i.MPU6050_Init      mpu6050.o
    0x080042ae   0x080042ae   0x00000002   PAD
    0x080042b0   0x080042b0   0x0000001c   Code   RO         1474    i.MPU6050_R_SDA     mpu6050.o
    0x080042cc   0x080042cc   0x0000003e   Code   RO         1475    i.MPU6050_Read_ID   mpu6050.o
    0x0800430a   0x0800430a   0x00000002   PAD
    0x0800430c   0x0800430c   0x0000001c   Code   RO         1476    i.MPU6050_W_SCL     mpu6050.o
    0x08004328   0x08004328   0x0000001c   Code   RO         1477    i.MPU6050_W_SDA     mpu6050.o
    0x08004344   0x08004344   0x000000d0   Code   RO         1478    i.MPU6050_is_Active  mpu6050.o
    0x08004414   0x08004414   0x00000080   Code   RO         1479    i.MPU6050_is_Tumble  mpu6050.o
    0x08004494   0x08004494   0x0000000a   Code   RO         1480    i.MPU_Set_Accel_Fsr  mpu6050.o
    0x0800449e   0x0800449e   0x0000000a   Code   RO         1481    i.MPU_Set_Gyro_Fsr  mpu6050.o
    0x080044a8   0x080044a8   0x0000002c   Code   RO         1482    i.MPU_Set_LPF       mpu6050.o
    0x080044d4   0x080044d4   0x0000002e   Code   RO         1483    i.MPU_Set_Rate      mpu6050.o
    0x08004502   0x08004502   0x00000002   PAD
    0x08004504   0x08004504   0x0000004c   Code   RO          270    i.MX_ADC1_Init      adc.o
    0x08004550   0x08004550   0x000000e8   Code   RO          244    i.MX_GPIO_Init      gpio.o
    0x08004638   0x08004638   0x0000006c   Code   RO          313    i.MX_TIM1_Init      tim.o
    0x080046a4   0x080046a4   0x00000068   Code   RO          314    i.MX_TIM2_Init      tim.o
    0x0800470c   0x0800470c   0x00000038   Code   RO          367    i.MX_USART1_UART_Init  usart.o
    0x08004744   0x08004744   0x00000038   Code   RO          368    i.MX_USART3_UART_Init  usart.o
    0x0800477c   0x0800477c   0x00000002   Code   RO          416    i.MemManage_Handler  stm32f1xx_it.o
    0x0800477e   0x0800477e   0x00000002   Code   RO          417    i.NMI_Handler       stm32f1xx_it.o
    0x08004780   0x08004780   0x00000028   Code   RO          666    i.OLED_Clear        oled.o
    0x080047a8   0x080047a8   0x0000005c   Code   RO          667    i.OLED_ClearArea    oled.o
    0x08004804   0x08004804   0x00000026   Code   RO          675    i.OLED_GPIO_Init    oled.o
    0x0800482a   0x0800482a   0x0000003a   Code   RO          677    i.OLED_I2C_SendByte  oled.o
    0x08004864   0x08004864   0x0000001e   Code   RO          678    i.OLED_I2C_Start    oled.o
    0x08004882   0x08004882   0x00000018   Code   RO          679    i.OLED_I2C_Stop     oled.o
    0x0800489a   0x0800489a   0x0000009c   Code   RO          680    i.OLED_Init         oled.o
    0x08004936   0x08004936   0x0000000e   Code   RO          682    i.OLED_Pow          oled.o
    0x08004944   0x08004944   0x00000022   Code   RO          686    i.OLED_SetCursor    oled.o
    0x08004966   0x08004966   0x00000002   PAD
    0x08004968   0x08004968   0x0000003c   Code   RO          688    i.OLED_ShowChar     oled.o
    0x080049a4   0x080049a4   0x0000008c   Code   RO          689    i.OLED_ShowChinese  oled.o
    0x08004a30   0x08004a30   0x000000be   Code   RO          690    i.OLED_ShowFloatNum  oled.o
    0x08004aee   0x08004aee   0x00000002   PAD
    0x08004af0   0x08004af0   0x000000bc   Code   RO          692    i.OLED_ShowImage    oled.o
    0x08004bac   0x08004bac   0x00000046   Code   RO          693    i.OLED_ShowNum      oled.o
    0x08004bf2   0x08004bf2   0x0000002c   Code   RO          695    i.OLED_ShowString   oled.o
    0x08004c1e   0x08004c1e   0x00000002   PAD
    0x08004c20   0x08004c20   0x00000028   Code   RO          696    i.OLED_Update       oled.o
    0x08004c48   0x08004c48   0x00000010   Code   RO          698    i.OLED_W_SCL        oled.o
    0x08004c58   0x08004c58   0x00000010   Code   RO          699    i.OLED_W_SDA        oled.o
    0x08004c68   0x08004c68   0x00000022   Code   RO          700    i.OLED_WriteCommand  oled.o
    0x08004c8a   0x08004c8a   0x00000030   Code   RO          701    i.OLED_WriteData    oled.o
    0x08004cba   0x08004cba   0x00000002   PAD
    0x08004cbc   0x08004cbc   0x000001b4   Code   RO           18    i.Page              main.o
    0x08004e70   0x08004e70   0x00000002   Code   RO          418    i.PendSV_Handler    stm32f1xx_it.o
    0x08004e72   0x08004e72   0x00000002   PAD
    0x08004e74   0x08004e74   0x00000044   Code   RO          582    i.Received_Data_Processing  esp8266.o
    0x08004eb8   0x08004eb8   0x00000002   Code   RO          419    i.SVC_Handler       stm32f1xx_it.o
    0x08004eba   0x08004eba   0x00000002   PAD
    0x08004ebc   0x08004ebc   0x00000074   Code   RO           19    i.Send_Data         main.o
    0x08004f30   0x08004f30   0x0000001c   Code   RO         1088    i.Soft_IIC_Input    hal_iic.o
    0x08004f4c   0x08004f4c   0x0000001c   Code   RO         1089    i.Soft_IIC_Output   hal_iic.o
    0x08004f68   0x08004f68   0x00000004   Code   RO          420    i.SysTick_Handler   stm32f1xx_it.o
    0x08004f6c   0x08004f6c   0x00000078   Code   RO           20    i.SystemClock_Config  main.o
    0x08004fe4   0x08004fe4   0x00000002   Code   RO         4226    i.SystemInit        system_stm32f1xx.o
    0x08004fe6   0x08004fe6   0x00000002   PAD
    0x08004fe8   0x08004fe8   0x0000000c   Code   RO          421    i.TIM1_UP_IRQHandler  stm32f1xx_it.o
    0x08004ff4   0x08004ff4   0x0000000c   Code   RO          422    i.TIM2_IRQHandler   stm32f1xx_it.o
    0x08005000   0x08005000   0x00000078   Code   RO         2984    i.TIM_Base_SetConfig  stm32f1xx_hal_tim.o
    0x08005078   0x08005078   0x00000014   Code   RO         2995    i.TIM_ETR_SetConfig  stm32f1xx_hal_tim.o
    0x0800508c   0x0800508c   0x00000010   Code   RO         2996    i.TIM_ITRx_SetConfig  stm32f1xx_hal_tim.o
    0x0800509c   0x0800509c   0x00000022   Code   RO         3002    i.TIM_TI1_ConfigInputStage  stm32f1xx_hal_tim.o
    0x080050be   0x080050be   0x00000024   Code   RO         3004    i.TIM_TI2_ConfigInputStage  stm32f1xx_hal_tim.o
    0x080050e2   0x080050e2   0x00000010   Code   RO         3905    i.UART_DMAAbortOnError  stm32f1xx_hal_uart.o
    0x080050f2   0x080050f2   0x0000004e   Code   RO         3915    i.UART_EndRxTransfer  stm32f1xx_hal_uart.o
    0x08005140   0x08005140   0x000000c2   Code   RO         3917    i.UART_Receive_IT   stm32f1xx_hal_uart.o
    0x08005202   0x08005202   0x00000002   PAD
    0x08005204   0x08005204   0x000000b8   Code   RO         3918    i.UART_SetConfig    stm32f1xx_hal_uart.o
    0x080052bc   0x080052bc   0x00000036   Code   RO         3920    i.UART_Start_Receive_IT  stm32f1xx_hal_uart.o
    0x080052f2   0x080052f2   0x00000072   Code   RO         3921    i.UART_WaitOnFlagUntilTimeout  stm32f1xx_hal_uart.o
    0x08005364   0x08005364   0x0000000c   Code   RO          423    i.USART1_IRQHandler  stm32f1xx_it.o
    0x08005370   0x08005370   0x0000000c   Code   RO          424    i.USART3_IRQHandler  stm32f1xx_it.o
    0x0800537c   0x0800537c   0x00000020   Code   RO          583    i.Uart1_SendString  esp8266.o
    0x0800539c   0x0800539c   0x0000000c   Code   RO         1415    i.Uart3_Clear_Buff  gps.o
    0x080053a8   0x080053a8   0x00000002   Code   RO          425    i.UsageFault_Handler  stm32f1xx_it.o
    0x080053aa   0x080053aa   0x00000028   Code   RO         4592    i.__ARM_fpclassify  m_ws.l(fpclassify.o)
    0x080053d2   0x080053d2   0x00000020   Code   RO         2402    i.__NVIC_SetPriority  stm32f1xx_hal_cortex.o
    0x080053f2   0x080053f2   0x0000000e   Code   RO         4288    i._is_digit         c_w.l(__printf_wp.o)
    0x08005400   0x08005400   0x00000098   Code   RO           21    i.main              main.o
    0x08005498   0x08005498   0x0000004c   Code   RO         1183    i.max30102_Bus_Read  max30102.o
    0x080054e4   0x080054e4   0x0000003e   Code   RO         1184    i.max30102_Bus_Write  max30102.o
    0x08005522   0x08005522   0x0000007a   Code   RO         1185    i.max30102_FIFO_ReadBytes  max30102.o
    0x0800559c   0x0800559c   0x000000fc   Code   RO         1187    i.max30102_init     max30102.o
    0x08005698   0x08005698   0x00000016   Code   RO         1188    i.max30102_reset    max30102.o
    0x080056ae   0x080056ae   0x00000032   Code   RO         1015    i.maxim_find_peaks  algorithm.o
    0x080056e0   0x080056e0   0x000003c0   Code   RO         1016    i.maxim_heart_rate_and_oxygen_saturation  algorithm.o
    0x08005aa0   0x08005aa0   0x0000006a   Code   RO         1017    i.maxim_peaks_above_min_height  algorithm.o
    0x08005b0a   0x08005b0a   0x00000002   PAD
    0x08005b0c   0x08005b0c   0x0000006c   Code   RO         1018    i.maxim_remove_close_peaks  algorithm.o
    0x08005b78   0x08005b78   0x00000032   Code   RO         1019    i.maxim_sort_ascend  algorithm.o
    0x08005baa   0x08005baa   0x00000002   PAD
    0x08005bac   0x08005bac   0x0000003a   Code   RO         1020    i.maxim_sort_indices_descend  algorithm.o
    0x08005be6   0x08005be6   0x00000002   PAD
    0x08005be8   0x08005be8   0x00000020   Code   RO         1294    i.readSDA           ds1302.o
    0x08005c08   0x08005c08   0x00000094   Code   RO         4393    i.round             m_ws.l(round.o)
    0x08005c9c   0x08005c9c   0x0000001c   Code   RO         1295    i.writeSDA          ds1302.o
    0x08005cb8   0x08005cb8   0x0000002c   Code   RO         4586    locale$$code        c_w.l(lc_numeric_c.o)
    0x08005ce4   0x08005ce4   0x0000002c   Code   RO         4601    locale$$code        c_w.l(lc_ctype_c.o)
    0x08005d10   0x08005d10   0x00000062   Code   RO         4321    x$fpl$d2f           fz_ws.l(d2f.o)
    0x08005d72   0x08005d72   0x00000002   PAD
    0x08005d74   0x08005d74   0x00000150   Code   RO         4323    x$fpl$dadd          fz_ws.l(daddsub_clz.o)
    0x08005ec4   0x08005ec4   0x00000010   Code   RO         4470    x$fpl$dcheck1       fz_ws.l(dcheck1.o)
    0x08005ed4   0x08005ed4   0x00000018   Code   RO         4472    x$fpl$dcmpinf       fz_ws.l(dcmpi.o)
    0x08005eec   0x08005eec   0x000002b0   Code   RO         4330    x$fpl$ddiv          fz_ws.l(ddiv.o)
    0x0800619c   0x0800619c   0x0000005a   Code   RO         4337    x$fpl$dfixu         fz_ws.l(dfixu.o)
    0x080061f6   0x080061f6   0x0000002e   Code   RO         4342    x$fpl$dflt          fz_ws.l(dflt_clz.o)
    0x08006224   0x08006224   0x00000026   Code   RO         4341    x$fpl$dfltu         fz_ws.l(dflt_clz.o)
    0x0800624a   0x0800624a   0x00000002   PAD
    0x0800624c   0x0800624c   0x00000078   Code   RO         4347    x$fpl$dleqf         fz_ws.l(dleqf.o)
    0x080062c4   0x080062c4   0x00000154   Code   RO         4349    x$fpl$dmul          fz_ws.l(dmul.o)
    0x08006418   0x08006418   0x0000009c   Code   RO         4474    x$fpl$dnaninf       fz_ws.l(dnaninf.o)
    0x080064b4   0x080064b4   0x0000000c   Code   RO         4476    x$fpl$dretinf       fz_ws.l(dretinf.o)
    0x080064c0   0x080064c0   0x0000006c   Code   RO         4351    x$fpl$drleqf        fz_ws.l(drleqf.o)
    0x0800652c   0x0800652c   0x000000b4   Code   RO         4478    x$fpl$drnd          fz_ws.l(drnd.o)
    0x080065e0   0x080065e0   0x00000016   Code   RO         4324    x$fpl$drsb          fz_ws.l(daddsub_clz.o)
    0x080065f6   0x080065f6   0x00000002   PAD
    0x080065f8   0x080065f8   0x000001d4   Code   RO         4325    x$fpl$dsub          fz_ws.l(daddsub_clz.o)
    0x080067cc   0x080067cc   0x00000056   Code   RO         4353    x$fpl$f2d           fz_ws.l(f2d.o)
    0x08006822   0x08006822   0x00000002   PAD
    0x08006824   0x08006824   0x0000000c   Code   RO         4480    x$fpl$fcheck1       fz_ws.l(fcheck1.o)
    0x08006830   0x08006830   0x00000018   Code   RO         4482    x$fpl$fcmpinf       fz_ws.l(fcmpi.o)
    0x08006848   0x08006848   0x00000184   Code   RO         4362    x$fpl$fdiv          fz_ws.l(fdiv.o)
    0x080069cc   0x080069cc   0x00000036   Code   RO         4365    x$fpl$ffix          fz_ws.l(ffix.o)
    0x08006a02   0x08006a02   0x00000002   PAD
    0x08006a04   0x08006a04   0x00000030   Code   RO         4370    x$fpl$fflt          fz_ws.l(fflt_clz.o)
    0x08006a34   0x08006a34   0x00000026   Code   RO         4369    x$fpl$ffltu         fz_ws.l(fflt_clz.o)
    0x08006a5a   0x08006a5a   0x00000002   PAD
    0x08006a5c   0x08006a5c   0x00000068   Code   RO         4375    x$fpl$fleqf         fz_ws.l(fleqf.o)
    0x08006ac4   0x08006ac4   0x00000102   Code   RO         4377    x$fpl$fmul          fz_ws.l(fmul.o)
    0x08006bc6   0x08006bc6   0x0000008c   Code   RO         4484    x$fpl$fnaninf       fz_ws.l(fnaninf.o)
    0x08006c52   0x08006c52   0x0000000a   Code   RO         4486    x$fpl$fretinf       fz_ws.l(fretinf.o)
    0x08006c5c   0x08006c5c   0x00000004   Code   RO         4379    x$fpl$printf1       fz_ws.l(printf1.o)
    0x08006c60   0x08006c60   0x00000064   Code   RO         4590    x$fpl$retnan        fz_ws.l(retnan.o)
    0x08006cc4   0x08006cc4   0x0000005c   Code   RO         4381    x$fpl$scalbn        fz_ws.l(scalbn.o)
    0x08006d20   0x08006d20   0x0000004c   Code   RO         4383    x$fpl$scalbnf       fz_ws.l(scalbnf.o)
    0x08006d6c   0x08006d6c   0x00000030   Code   RO         4656    x$fpl$trapveneer    fz_ws.l(trapv.o)
    0x08006d9c   0x08006d9c   0x00000000   Code   RO         4494    x$fpl$usenofp       fz_ws.l(usenofp.o)
    0x08006d9c   0x08006d9c   0x000005f0   Data   RO          907    .constdata          oled_data.o
    0x0800738c   0x0800738c   0x0000023a   Data   RO          908    .constdata          oled_data.o
    0x080075c6   0x080075c6   0x00000be5   Data   RO          909    .constdata          oled_data.o
    0x080081ab   0x080081ab   0x00000001   PAD
    0x080081ac   0x080081ac   0x000000f6   Data   RO         1022    .constdata          algorithm.o
    0x080082a2   0x080082a2   0x00000012   Data   RO         2100    .constdata          stm32f1xx_hal_rcc.o
    0x080082b4   0x080082b4   0x00000010   Data   RO         4227    .constdata          system_stm32f1xx.o
    0x080082c4   0x080082c4   0x00000008   Data   RO         4228    .constdata          system_stm32f1xx.o
    0x080082cc   0x080082cc   0x00000011   Data   RO         4296    .constdata          c_w.l(__printf_flags_ss_wp.o)
    0x080082dd   0x080082dd   0x00000003   PAD
    0x080082e0   0x080082e0   0x00000094   Data   RO         4559    .constdata          c_w.l(bigflt0.o)
    0x08008374   0x08008374   0x0000005c   Data   RO           23    .conststring        main.o
    0x080083d0   0x080083d0   0x0000009a   Data   RO          584    .conststring        esp8266.o
    0x0800846a   0x0800846a   0x00000002   PAD
    0x0800846c   0x0800846c   0x00000020   Data   RO         4737    Region$$Table       anon$$obj.o
    0x0800848c   0x0800848c   0x0000001c   Data   RO         4585    locale$$data        c_w.l(lc_numeric_c.o)
    0x080084a8   0x080084a8   0x00000110   Data   RO         4600    locale$$data        c_w.l(lc_ctype_c.o)


    Execution Region RW_IRAM1 (Exec base: 0x20000000, Load base: 0x080085b8, Size: 0x00003608, Max: 0x00005000, ABSOLUTE)

    Exec Addr    Load Addr    Size         Type   Attr      Idx    E Section Name        Object

    0x20000000   0x080085b8   0x0000002b   Data   RW           25    .data               main.o
    0x2000002b   0x080085e3   0x00000001   PAD
    0x2000002c   0x080085e4   0x0000000f   Data   RW          585    .data               esp8266.o
    0x2000003b   0x080085f3   0x00000001   PAD
    0x2000003c   0x080085f4   0x00000008   Data   RW          927    .data               uart.o
    0x20000044   0x080085fc   0x00000026   Data   RW         1198    .data               max30102.o
    0x2000006a   0x08008622   0x00000002   PAD
    0x2000006c   0x08008624   0x0000000c   Data   RW         1416    .data               gps.o
    0x20000078   0x08008630   0x00000014   Data   RW         1485    .data               mpu6050.o
    0x2000008c   0x08008644   0x0000000c   Data   RW         1937    .data               stm32f1xx_hal.o
    0x20000098   0x08008650   0x00000004   Data   RW         4229    .data               system_stm32f1xx.o
    0x2000009c        -       0x000000dc   Zero   RW           22    .bss                main.o
    0x20000178        -       0x00000030   Zero   RW          271    .bss                adc.o
    0x200001a8        -       0x00000090   Zero   RW          315    .bss                tim.o
    0x20000238        -       0x00000090   Zero   RW          369    .bss                usart.o
    0x200002c8        -       0x00000400   Zero   RW          703    .bss                oled.o
    0x200006c8        -       0x00000190   Zero   RW          926    .bss                uart.o
    0x20000858        -       0x00001760   Zero   RW         1021    .bss                algorithm.o
    0x20001fb8        -       0x00000fa0   Zero   RW         1194    .bss                max30102.o
    0x20002f58        -       0x00000050   Zero   RW         1484    .bss                mpu6050.o
    0x20002fa8        -       0x00000060   Zero   RW         4521    .bss                c_w.l(libspace.o)
    0x20003008        -       0x00000200   Zero   RW            2    HEAP                startup_stm32f103xb.o
    0x20003208        -       0x00000400   Zero   RW            1    STACK               startup_stm32f103xb.o


==============================================================================

Image component sizes


      Code (inc. data)   RO Data    RW Data    ZI Data      Debug   Object Name

       164         20          0          0         48       1557   adc.o
      1332         20        246          0       5984       7349   algorithm.o
        54          0          0          0          0       1140   delay.o
       870         26          0          0          0       5283   ds1302.o
       458         26          0          0          0       3910   ds18b20.o
      1732        790        154         15          0       7704   esp8266.o
       232         16          0          0          0        927   gpio.o
       616         68          0         12          0       2692   gps.o
       492         44          0          0          0       4986   hal_iic.o
       956        134         92         43        220     448612   main.o
       930         44          0         38       4000       5454   max30102.o
      1696         46          0         20         80      14412   mpu6050.o
      1332         48          0          0       1024      11904   oled.o
         0          0       5135          0          0       1030   oled_data.o
        64         26        236          0       1536        788   startup_stm32f103xb.o
       128         24          0         12          0       5145   stm32f1xx_hal.o
       622         24          0          0          0       3216   stm32f1xx_hal_adc.o
       198         14          0          0          0      28831   stm32f1xx_hal_cortex.o
       222          4          0          0          0       1707   stm32f1xx_hal_dma.o
       500         34          0          0          0       3431   stm32f1xx_hal_gpio.o
        60          8          0          0          0        830   stm32f1xx_hal_msp.o
      1240         84         18          0          0       4992   stm32f1xx_hal_rcc.o
       236         12          0          0          0       1340   stm32f1xx_hal_rcc_ex.o
       936         24          0          0          0       9569   stm32f1xx_hal_tim.o
       108         12          0          0          0       2321   stm32f1xx_hal_tim_ex.o
      1554         10          0          0          0      10652   stm32f1xx_hal_uart.o
        68         24          0          0          0       5337   stm32f1xx_it.o
         2          0         24          4          0       1055   system_stm32f1xx.o
       310         26          0          0        144       2743   tim.o
       188         32          0          8        400       1507   uart.o
       332         38          0          0        144       2255   usart.o

    ----------------------------------------------------------------------
     17674       1678       5940        156      13580     602679   Object Totals
         0          0         32          0          0          0   (incl. Generated)
        42          0          3          4          0          0   (incl. Padding)

    ----------------------------------------------------------------------

      Code (inc. data)   RO Data    RW Data    ZI Data      Debug   Library Member Name

        44          6          0          0          0         84   __2sprintf.o
         8          0          0          0          0         68   __main.o
       392          4         17          0          0         92   __printf_flags_ss_wp.o
        14          0          0          0          0         68   __printf_wp.o
         0          0          0          0          0          0   __rtentry.o
        12          0          0          0          0          0   __rtentry2.o
         6          0          0          0          0          0   __rtentry4.o
        52          8          0          0          0          0   __scatter.o
        26          0          0          0          0          0   __scatter_copy.o
        28          0          0          0          0          0   __scatter_zi.o
        28          0          0          0          0         68   _chval.o
        44          0          0          0          0        108   _printf_char.o
        48          6          0          0          0         96   _printf_char_common.o
         6          0          0          0          0          0   _printf_d.o
       120         16          0          0          0         92   _printf_dec.o
         6          0          0          0          0          0   _printf_f.o
      1054          0          0          0          0        216   _printf_fp_dec.o
       128         16          0          0          0         84   _printf_fp_infnan.o
       178          0          0          0          0         88   _printf_intcommon.o
        78          0          0          0          0        108   _printf_pad.o
         0          0          0          0          0          0   _printf_percent.o
         4          0          0          0          0          0   _printf_percent_end.o
         6          0          0          0          0          0   _printf_s.o
        82          0          0          0          0         80   _printf_str.o
         6          0          0          0          0          0   _printf_u.o
        10          0          0          0          0         68   _sputc.o
       158          0          0          0          0         92   _strtoul.o
        26          0          0          0          0         80   atoi.o
       228          4        148          0          0         96   bigflt0.o
      1936        128          0          0          0        672   btod.o
        18          0          0          0          0         80   exit.o
         6          0          0          0          0        152   heapauxi.o
         0          0          0          0          0          0   indicate_semi.o
        44         10        272          0          0         76   lc_ctype_c.o
        44         10         28          0          0         76   lc_numeric_c.o
         2          0          0          0          0          0   libinit.o
        30          0          0          0          0          0   libinit2.o
         2          0          0          0          0          0   libshutdown.o
         2          0          0          0          0          0   libshutdown2.o
         8          4          0          0         96         68   libspace.o
       138          0          0          0          0         80   lludiv10.o
        16          4          0          0          0         76   rt_ctype_table.o
         8          4          0          0          0         68   rt_errno_addr_intlibspace.o
         8          4          0          0          0         68   rt_locale_intlibspace.o
        68          0          0          0          0         68   rt_memclr.o
        78          0          0          0          0         80   rt_memclr_w.o
         2          0          0          0          0          0   rtexit.o
        10          0          0          0          0          0   rtexit2.o
       128          0          0          0          0         68   strcmpv7m.o
        72          0          0          0          0         80   strcpy.o
        62          0          0          0          0         76   strlen.o
        36          0          0          0          0         80   strstr.o
       112          0          0          0          0         88   strtol.o
        12          4          0          0          0         68   sys_exit.o
        74          0          0          0          0         80   sys_stackheap_outer.o
         2          0          0          0          0         68   use_no_semi.o
        98          4          0          0          0         92   d2f.o
       826         16          0          0          0        348   daddsub_clz.o
        16          4          0          0          0         68   dcheck1.o
        24          0          0          0          0         68   dcmpi.o
       688        140          0          0          0        208   ddiv.o
        90          4          0          0          0         92   dfixu.o
        84          0          0          0          0        136   dflt_clz.o
       120          4          0          0          0         92   dleqf.o
       340         12          0          0          0        104   dmul.o
       156          4          0          0          0         92   dnaninf.o
        12          0          0          0          0         68   dretinf.o
       108          0          0          0          0         80   drleqf.o
       180          4          0          0          0         80   drnd.o
        86          4          0          0          0         84   f2d.o
        12          4          0          0          0         68   fcheck1.o
        24          0          0          0          0         68   fcmpi.o
       388         76          0          0          0         96   fdiv.o
        54          4          0          0          0         84   ffix.o
        86          0          0          0          0        136   fflt_clz.o
       104          4          0          0          0         84   fleqf.o
       258          4          0          0          0         84   fmul.o
       140          4          0          0          0         84   fnaninf.o
        10          0          0          0          0         68   fretinf.o
         4          0          0          0          0         68   printf1.o
       100          0          0          0          0         68   retnan.o
        92          0          0          0          0         68   scalbn.o
        76          0          0          0          0         68   scalbnf.o
        48          0          0          0          0         68   trapv.o
         0          0          0          0          0          0   usenofp.o
        40          0          0          0          0         68   fpclassify.o
       148         12          0          0          0         88   round.o

    ----------------------------------------------------------------------
     10150        532        468          0         96       6640   Library Totals
        28          0          3          0          0          0   (incl. Padding)

    ----------------------------------------------------------------------

      Code (inc. data)   RO Data    RW Data    ZI Data      Debug   Library Name

      5710        228        465          0         96       3760   c_w.l
      4224        292          0          0          0       2724   fz_ws.l
       188         12          0          0          0        156   m_ws.l

    ----------------------------------------------------------------------
     10150        532        468          0         96       6640   Library Totals

    ----------------------------------------------------------------------

==============================================================================


      Code (inc. data)   RO Data    RW Data    ZI Data      Debug   

     27824       2210       6408        156      13676     596471   Grand Totals
     27824       2210       6408        156      13676     596471   ELF Image Totals
     27824       2210       6408        156          0          0   ROM Totals

==============================================================================

    Total RO  Size (Code + RO Data)                34232 (  33.43kB)
    Total RW  Size (RW Data + ZI Data)             13832 (  13.51kB)
    Total ROM Size (Code + RO Data + RW Data)      34388 (  33.58kB)

==============================================================================

